Apr 30 06:10:44 Debian-Redes sshd[44912]: error: kex_exchange_identification: read: Connection reset by peer
Apr 30 06:10:44 Debian-Redes sshd[44912]: Connection reset by 45.79.181.104 port 27748
Apr 30 06:10:45 Debian-Redes sshd[44913]: error: kex_exchange_identification: read: Connection reset by peer
Apr 30 06:10:45 Debian-Redes sshd[44913]: Connection reset by 45.79.181.104 port 27764
Apr 30 06:10:48 Debian-Redes sshd[44914]: Connection closed by 45.79.181.104 port 27780 [preauth]
Apr 30 06:15:31 Debian-Redes sshd[44949]: pam_unix(sshd:auth): authentication failure; logname= uid=0 euid=0 tty=ssh ruser= rhost=218.92.0.114  user=root
Apr 30 06:15:33 Debian-Redes sshd[44949]: Failed password for root from 218.92.0.114 port 58981 ssh2
Apr 30 06:15:35 Debian-Redes sshd[44949]: Failed password for root from 218.92.0.114 port 58981 ssh2
Apr 30 06:15:38 Debian-Redes sshd[44949]: Failed password for root from 218.92.0.114 port 58981 ssh2
Apr 30 06:15:39 Debian-Redes sshd[44949]: Received disconnect from 218.92.0.114 port 58981:11:  [preauth]
Apr 30 06:15:39 Debian-Redes sshd[44949]: Disconnected from authenticating user root 218.92.0.114 port 58981 [preauth]
Apr 30 06:15:39 Debian-Redes sshd[44949]: PAM 2 more authentication failures; logname= uid=0 euid=0 tty=ssh ruser= rhost=218.92.0.114  user=root
Apr 30 06:15:41 Debian-Redes sshd[44951]: pam_unix(sshd:auth): authentication failure; logname= uid=0 euid=0 tty=ssh ruser= rhost=218.92.0.114  user=root
Apr 30 06:15:42 Debian-Redes sshd[44951]: Failed password for root from 218.92.0.114 port 59846 ssh2
Apr 30 06:15:46 Debian-Redes sshd[44951]: Failed password for root from 218.92.0.114 port 59846 ssh2
Apr 30 06:15:48 Debian-Redes sshd[44951]: Failed password for root from 218.92.0.114 port 59846 ssh2
Apr 30 06:15:49 Debian-Redes sshd[44951]: Received disconnect from 218.92.0.114 port 59846:11:  [preauth]
Apr 30 06:15:49 Debian-Redes sshd[44951]: Disconnected from authenticating user root 218.92.0.114 port 59846 [preauth]
Apr 30 06:15:49 Debian-Redes sshd[44951]: PAM 2 more authentication failures; logname= uid=0 euid=0 tty=ssh ruser= rhost=218.92.0.114  user=root
Apr 30 06:16:29 Debian-Redes sshd[44959]: pam_unix(sshd:auth): authentication failure; logname= uid=0 euid=0 tty=ssh ruser= rhost=218.92.0.113  user=root
Apr 30 06:16:32 Debian-Redes sshd[44959]: Failed password for root from 218.92.0.113 port 30750 ssh2
Apr 30 06:16:34 Debian-Redes sshd[44959]: Failed password for root from 218.92.0.113 port 30750 ssh2
Apr 30 06:16:37 Debian-Redes sshd[44959]: Failed password for root from 218.92.0.113 port 30750 ssh2
Apr 30 06:16:38 Debian-Redes sshd[44959]: Received disconnect from 218.92.0.113 port 30750:11:  [preauth]
Apr 30 06:16:38 Debian-Redes sshd[44959]: Disconnected from authenticating user root 218.92.0.113 port 30750 [preauth]
Apr 30 06:16:38 Debian-Redes sshd[44959]: PAM 2 more authentication failures; logname= uid=0 euid=0 tty=ssh ruser= rhost=218.92.0.113  user=root
Apr 30 06:16:39 Debian-Redes sshd[44961]: pam_unix(sshd:auth): authentication failure; logname= uid=0 euid=0 tty=ssh ruser= rhost=218.92.0.113  user=root
Apr 30 06:16:41 Debian-Redes sshd[44961]: Failed password for root from 218.92.0.113 port 36191 ssh2
Apr 30 06:16:44 Debian-Redes sshd[44961]: Failed password for root from 218.92.0.113 port 36191 ssh2
Apr 30 06:16:46 Debian-Redes sshd[44961]: Failed password for root from 218.92.0.113 port 36191 ssh2
Apr 30 06:16:47 Debian-Redes sshd[44961]: Received disconnect from 218.92.0.113 port 36191:11:  [preauth]
Apr 30 06:16:47 Debian-Redes sshd[44961]: Disconnected from authenticating user root 218.92.0.113 port 36191 [preauth]
Apr 30 06:16:47 Debian-Redes sshd[44961]: PAM 2 more authentication failures; logname= uid=0 euid=0 tty=ssh ruser= rhost=218.92.0.113  user=root
Apr 30 06:16:49 Debian-Redes sshd[44963]: pam_unix(sshd:auth): authentication failure; logname= uid=0 euid=0 tty=ssh ruser= rhost=218.92.0.113  user=root
Apr 30 06:16:51 Debian-Redes sshd[44963]: Failed password for root from 218.92.0.113 port 48098 ssh2
Apr 30 06:16:54 Debian-Redes sshd[44963]: Failed password for root from 218.92.0.113 port 48098 ssh2
Apr 30 06:16:56 Debian-Redes sshd[44963]: Failed password for root from 218.92.0.113 port 48098 ssh2
Apr 30 06:16:57 Debian-Redes sshd[44963]: Received disconnect from 218.92.0.113 port 48098:11:  [preauth]
Apr 30 06:16:57 Debian-Redes sshd[44963]: Disconnected from authenticating user root 218.92.0.113 port 48098 [preauth]
Apr 30 06:16:57 Debian-Redes sshd[44963]: PAM 2 more authentication failures; logname= uid=0 euid=0 tty=ssh ruser= rhost=218.92.0.113  user=root
Apr 30 06:17:01 Debian-Redes CRON[44965]: pam_unix(cron:session): session opened for user root(uid=0) by (uid=0)
Apr 30 06:17:01 Debian-Redes CRON[44965]: pam_unix(cron:session): session closed for user root
Apr 30 06:17:11 Debian-Redes sshd[44974]: pam_unix(sshd:auth): authentication failure; logname= uid=0 euid=0 tty=ssh ruser= rhost=61.177.173.37  user=root
Apr 30 06:17:13 Debian-Redes sshd[44974]: Failed password for root from 61.177.173.37 port 64460 ssh2
Apr 30 06:17:16 Debian-Redes sshd[44974]: Failed password for root from 61.177.173.37 port 64460 ssh2
Apr 30 06:17:18 Debian-Redes sshd[44974]: Failed password for root from 61.177.173.37 port 64460 ssh2
Apr 30 06:17:19 Debian-Redes sshd[44974]: Received disconnect from 61.177.173.37 port 64460:11:  [preauth]
Apr 30 06:17:19 Debian-Redes sshd[44974]: Disconnected from authenticating user root 61.177.173.37 port 64460 [preauth]
Apr 30 06:17:19 Debian-Redes sshd[44974]: PAM 2 more authentication failures; logname= uid=0 euid=0 tty=ssh ruser= rhost=61.177.173.37  user=root
Apr 30 06:17:21 Debian-Redes sshd[44976]: pam_unix(sshd:auth): authentication failure; logname= uid=0 euid=0 tty=ssh ruser= rhost=61.177.173.37  user=root
Apr 30 06:17:22 Debian-Redes sshd[44976]: Failed password for root from 61.177.173.37 port 20530 ssh2
Apr 30 06:17:25 Debian-Redes sshd[44978]: pam_unix(sshd:auth): authentication failure; logname= uid=0 euid=0 tty=ssh ruser= rhost=61.177.172.104  user=root
Apr 30 06:17:26 Debian-Redes sshd[44976]: Failed password for root from 61.177.173.37 port 20530 ssh2
Apr 30 06:17:27 Debian-Redes sshd[44978]: Failed password for root from 61.177.172.104 port 56558 ssh2
Apr 30 06:17:28 Debian-Redes sshd[44976]: Failed password for root from 61.177.173.37 port 20530 ssh2
Apr 30 06:17:29 Debian-Redes sshd[44976]: Received disconnect from 61.177.173.37 port 20530:11:  [preauth]
Apr 30 06:17:29 Debian-Redes sshd[44976]: Disconnected from authenticating user root 61.177.173.37 port 20530 [preauth]
Apr 30 06:17:29 Debian-Redes sshd[44976]: PAM 2 more authentication failures; logname= uid=0 euid=0 tty=ssh ruser= rhost=61.177.173.37  user=root
Apr 30 06:17:30 Debian-Redes sshd[44978]: Failed password for root from 61.177.172.104 port 56558 ssh2
Apr 30 06:17:31 Debian-Redes sshd[44980]: pam_unix(sshd:auth): authentication failure; logname= uid=0 euid=0 tty=ssh ruser= rhost=61.177.173.37  user=root
Apr 30 06:17:33 Debian-Redes sshd[44980]: Failed password for root from 61.177.173.37 port 38865 ssh2
Apr 30 06:17:33 Debian-Redes sshd[44978]: Failed password for root from 61.177.172.104 port 56558 ssh2
Apr 30 06:17:34 Debian-Redes sshd[44978]: Received disconnect from 61.177.172.104 port 56558:11:  [preauth]
Apr 30 06:17:34 Debian-Redes sshd[44978]: Disconnected from authenticating user root 61.177.172.104 port 56558 [preauth]
Apr 30 06:17:34 Debian-Redes sshd[44978]: PAM 2 more authentication failures; logname= uid=0 euid=0 tty=ssh ruser= rhost=61.177.172.104  user=root
Apr 30 06:17:35 Debian-Redes sshd[44982]: pam_unix(sshd:auth): authentication failure; logname= uid=0 euid=0 tty=ssh ruser= rhost=61.177.172.104  user=root
Apr 30 06:17:36 Debian-Redes sshd[44980]: Failed password for root from 61.177.173.37 port 38865 ssh2
Apr 30 06:17:37 Debian-Redes sshd[44982]: Failed password for root from 61.177.172.104 port 10422 ssh2
Apr 30 06:17:38 Debian-Redes sshd[44980]: Failed password for root from 61.177.173.37 port 38865 ssh2
Apr 30 06:17:39 Debian-Redes sshd[44980]: Received disconnect from 61.177.173.37 port 38865:11:  [preauth]
Apr 30 06:17:39 Debian-Redes sshd[44980]: Disconnected from authenticating user root 61.177.173.37 port 38865 [preauth]
Apr 30 06:17:39 Debian-Redes sshd[44980]: PAM 2 more authentication failures; logname= uid=0 euid=0 tty=ssh ruser= rhost=61.177.173.37  user=root
Apr 30 06:17:40 Debian-Redes sshd[44982]: Failed password for root from 61.177.172.104 port 10422 ssh2
Apr 30 06:17:40 Debian-Redes sshd[44984]: pam_unix(sshd:auth): authentication failure; logname= uid=0 euid=0 tty=ssh ruser= rhost=61.177.173.37  user=root
Apr 30 06:17:42 Debian-Redes sshd[44984]: Failed password for root from 61.177.173.37 port 56048 ssh2
Apr 30 06:17:42 Debian-Redes sshd[44982]: Failed password for root from 61.177.172.104 port 10422 ssh2
Apr 30 06:17:43 Debian-Redes sshd[44982]: Received disconnect from 61.177.172.104 port 10422:11:  [preauth]
Apr 30 06:17:43 Debian-Redes sshd[44982]: Disconnected from authenticating user root 61.177.172.104 port 10422 [preauth]
Apr 30 06:17:43 Debian-Redes sshd[44982]: PAM 2 more authentication failures; logname= uid=0 euid=0 tty=ssh ruser= rhost=61.177.172.104  user=root
Apr 30 06:17:45 Debian-Redes sshd[44986]: pam_unix(sshd:auth): authentication failure; logname= uid=0 euid=0 tty=ssh ruser= rhost=61.177.172.104  user=root
Apr 30 06:17:45 Debian-Redes sshd[44984]: Failed password for root from 61.177.173.37 port 56048 ssh2
Apr 30 06:17:46 Debian-Redes sshd[44986]: Failed password for root from 61.177.172.104 port 24687 ssh2
Apr 30 06:17:48 Debian-Redes sshd[44984]: Failed password for root from 61.177.173.37 port 56048 ssh2
Apr 30 06:17:49 Debian-Redes sshd[44984]: Received disconnect from 61.177.173.37 port 56048:11:  [preauth]
Apr 30 06:17:49 Debian-Redes sshd[44984]: Disconnected from authenticating user root 61.177.173.37 port 56048 [preauth]
Apr 30 06:17:49 Debian-Redes sshd[44984]: PAM 2 more authentication failures; logname= uid=0 euid=0 tty=ssh ruser= rhost=61.177.173.37  user=root
Apr 30 06:17:49 Debian-Redes sshd[44986]: Failed password for root from 61.177.172.104 port 24687 ssh2
Apr 30 06:17:52 Debian-Redes sshd[44986]: Failed password for root from 61.177.172.104 port 24687 ssh2
Apr 30 06:17:53 Debian-Redes sshd[44986]: Received disconnect from 61.177.172.104 port 24687:11:  [preauth]
Apr 30 06:17:53 Debian-Redes sshd[44986]: Disconnected from authenticating user root 61.177.172.104 port 24687 [preauth]
Apr 30 06:17:53 Debian-Redes sshd[44986]: PAM 2 more authentication failures; logname= uid=0 euid=0 tty=ssh ruser= rhost=61.177.172.104  user=root
Apr 30 06:17:54 Debian-Redes sshd[44988]: pam_unix(sshd:auth): authentication failure; logname= uid=0 euid=0 tty=ssh ruser= rhost=61.177.172.104  user=root
Apr 30 06:17:56 Debian-Redes sshd[44988]: Failed password for root from 61.177.172.104 port 40404 ssh2
Apr 30 06:17:59 Debian-Redes sshd[44988]: Failed password for root from 61.177.172.104 port 40404 ssh2
Apr 30 06:18:02 Debian-Redes sshd[44988]: Failed password for root from 61.177.172.104 port 40404 ssh2
Apr 30 06:18:03 Debian-Redes sshd[44988]: Received disconnect from 61.177.172.104 port 40404:11:  [preauth]
Apr 30 06:18:03 Debian-Redes sshd[44988]: Disconnected from authenticating user root 61.177.172.104 port 40404 [preauth]
Apr 30 06:18:03 Debian-Redes sshd[44988]: PAM 2 more authentication failures; logname= uid=0 euid=0 tty=ssh ruser= rhost=61.177.172.104  user=root
Apr 30 06:18:04 Debian-Redes sshd[44990]: pam_unix(sshd:auth): authentication failure; logname= uid=0 euid=0 tty=ssh ruser= rhost=61.177.172.104  user=root
Apr 30 06:18:05 Debian-Redes sshd[44990]: Failed password for root from 61.177.172.104 port 64827 ssh2
Apr 30 06:18:09 Debian-Redes sshd[44990]: Failed password for root from 61.177.172.104 port 64827 ssh2
Apr 30 06:18:11 Debian-Redes sshd[44990]: Failed password for root from 61.177.172.104 port 64827 ssh2
Apr 30 06:18:12 Debian-Redes sshd[44990]: Received disconnect from 61.177.172.104 port 64827:11:  [preauth]
Apr 30 06:18:12 Debian-Redes sshd[44990]: Disconnected from authenticating user root 61.177.172.104 port 64827 [preauth]
Apr 30 06:18:12 Debian-Redes sshd[44990]: PAM 2 more authentication failures; logname= uid=0 euid=0 tty=ssh ruser= rhost=61.177.172.104  user=root
Apr 30 06:18:51 Debian-Redes sshd[45000]: error: kex_exchange_identification: Connection closed by remote host
Apr 30 06:18:51 Debian-Redes sshd[45000]: Connection closed by 117.31.45.218 port 49056
Apr 30 06:18:51 Debian-Redes sshd[732]: error: beginning MaxStartups throttling
Apr 30 06:18:51 Debian-Redes sshd[732]: drop connection #21 from [117.28.79.117]:49130 on [10.0.0.4]:22 past MaxStartups
Apr 30 06:18:52 Debian-Redes sshd[45007]: Invalid user test from 120.34.196.242 port 49098
Apr 30 06:18:52 Debian-Redes sshd[45006]: Invalid user uno from 220.160.221.208 port 49132
Apr 30 06:18:52 Debian-Redes sshd[45001]: Invalid user jenkins from 220.160.221.146 port 49110
Apr 30 06:18:52 Debian-Redes sshd[45003]: Invalid user Admin from 110.87.194.205 port 49114
Apr 30 06:18:52 Debian-Redes sshd[45013]: Invalid user devops from 117.28.79.118 port 49150
Apr 30 06:18:52 Debian-Redes sshd[45011]: Invalid user test from 27.157.193.201 port 49120
Apr 30 06:18:52 Debian-Redes sshd[45008]: Invalid user ansadmin from 120.34.196.239 port 49082
Apr 30 06:18:52 Debian-Redes sshd[45020]: Invalid user zjw from 220.160.220.125 port 49172
Apr 30 06:18:52 Debian-Redes sshd[45015]: Invalid user zjw from 220.160.220.96 port 49106
Apr 30 06:18:52 Debian-Redes sshd[45010]: Invalid user deploy from 117.28.79.110 port 49108
Apr 30 06:18:52 Debian-Redes sshd[45016]: Invalid user pi from 220.160.221.166 port 49174
Apr 30 06:18:52 Debian-Redes sshd[45014]: Invalid user ubnt from 110.87.194.205 port 49128
Apr 30 06:18:52 Debian-Redes sshd[45019]: Invalid user ubnt from 125.79.238.105 port 49164
Apr 30 06:18:52 Debian-Redes sshd[45018]: Invalid user devops from 121.206.239.9 port 49168
Apr 30 06:18:52 Debian-Redes sshd[45007]: pam_unix(sshd:auth): check pass; user unknown
Apr 30 06:18:52 Debian-Redes sshd[45007]: pam_unix(sshd:auth): authentication failure; logname= uid=0 euid=0 tty=ssh ruser= rhost=120.34.196.242 
Apr 30 06:18:52 Debian-Redes sshd[45006]: pam_unix(sshd:auth): check pass; user unknown
Apr 30 06:18:52 Debian-Redes sshd[45006]: pam_unix(sshd:auth): authentication failure; logname= uid=0 euid=0 tty=ssh ruser= rhost=220.160.221.208 
Apr 30 06:18:52 Debian-Redes sshd[45001]: pam_unix(sshd:auth): check pass; user unknown
Apr 30 06:18:52 Debian-Redes sshd[45001]: pam_unix(sshd:auth): authentication failure; logname= uid=0 euid=0 tty=ssh ruser= rhost=220.160.221.146 
Apr 30 06:18:52 Debian-Redes sshd[45004]: pam_unix(sshd:auth): authentication failure; logname= uid=0 euid=0 tty=ssh ruser= rhost=117.28.79.110  user=root
Apr 30 06:18:52 Debian-Redes sshd[45022]: Invalid user admin from 220.160.221.146 port 49134
Apr 30 06:18:52 Debian-Redes sshd[45003]: pam_unix(sshd:auth): check pass; user unknown
Apr 30 06:18:52 Debian-Redes sshd[45003]: pam_unix(sshd:auth): authentication failure; logname= uid=0 euid=0 tty=ssh ruser= rhost=110.87.194.205 
Apr 30 06:18:52 Debian-Redes sshd[45023]: Invalid user teste from 117.31.59.212 port 49100
Apr 30 06:18:52 Debian-Redes sshd[45013]: pam_unix(sshd:auth): check pass; user unknown
Apr 30 06:18:52 Debian-Redes sshd[45013]: pam_unix(sshd:auth): authentication failure; logname= uid=0 euid=0 tty=ssh ruser= rhost=117.28.79.118 
Apr 30 06:18:52 Debian-Redes sshd[45011]: pam_unix(sshd:auth): check pass; user unknown
Apr 30 06:18:52 Debian-Redes sshd[45011]: pam_unix(sshd:auth): authentication failure; logname= uid=0 euid=0 tty=ssh ruser= rhost=27.157.193.201 
Apr 30 06:18:52 Debian-Redes sshd[45009]: pam_unix(sshd:auth): authentication failure; logname= uid=0 euid=0 tty=ssh ruser= rhost=110.82.196.50  user=root
Apr 30 06:18:52 Debian-Redes sshd[45008]: pam_unix(sshd:auth): check pass; user unknown
Apr 30 06:18:52 Debian-Redes sshd[45008]: pam_unix(sshd:auth): authentication failure; logname= uid=0 euid=0 tty=ssh ruser= rhost=120.34.196.239 
Apr 30 06:18:52 Debian-Redes sshd[45010]: pam_unix(sshd:auth): check pass; user unknown
Apr 30 06:18:52 Debian-Redes sshd[45010]: pam_unix(sshd:auth): authentication failure; logname= uid=0 euid=0 tty=ssh ruser= rhost=117.28.79.110 
Apr 30 06:18:52 Debian-Redes sshd[45015]: pam_unix(sshd:auth): check pass; user unknown
Apr 30 06:18:52 Debian-Redes sshd[45015]: pam_unix(sshd:auth): authentication failure; logname= uid=0 euid=0 tty=ssh ruser= rhost=220.160.220.96 
Apr 30 06:18:52 Debian-Redes sshd[45014]: pam_unix(sshd:auth): check pass; user unknown
Apr 30 06:18:52 Debian-Redes sshd[45014]: pam_unix(sshd:auth): authentication failure; logname= uid=0 euid=0 tty=ssh ruser= rhost=110.87.194.205 
Apr 30 06:18:52 Debian-Redes sshd[45016]: pam_unix(sshd:auth): check pass; user unknown
Apr 30 06:18:52 Debian-Redes sshd[45016]: pam_unix(sshd:auth): authentication failure; logname= uid=0 euid=0 tty=ssh ruser= rhost=220.160.221.166 
Apr 30 06:18:52 Debian-Redes sshd[45020]: pam_unix(sshd:auth): check pass; user unknown
Apr 30 06:18:52 Debian-Redes sshd[45020]: pam_unix(sshd:auth): authentication failure; logname= uid=0 euid=0 tty=ssh ruser= rhost=220.160.220.125 
Apr 30 06:18:52 Debian-Redes sshd[45019]: pam_unix(sshd:auth): check pass; user unknown
Apr 30 06:18:52 Debian-Redes sshd[45019]: pam_unix(sshd:auth): authentication failure; logname= uid=0 euid=0 tty=ssh ruser= rhost=125.79.238.105 
Apr 30 06:18:52 Debian-Redes sshd[45021]: pam_unix(sshd:auth): authentication failure; logname= uid=0 euid=0 tty=ssh ruser= rhost=117.31.59.216  user=root
Apr 30 06:18:52 Debian-Redes sshd[45018]: pam_unix(sshd:auth): check pass; user unknown
Apr 30 06:18:52 Debian-Redes sshd[45018]: pam_unix(sshd:auth): authentication failure; logname= uid=0 euid=0 tty=ssh ruser= rhost=121.206.239.9 
Apr 30 06:18:52 Debian-Redes sshd[45017]: pam_unix(sshd:auth): authentication failure; logname= uid=0 euid=0 tty=ssh ruser= rhost=125.79.238.105  user=root
Apr 30 06:18:52 Debian-Redes sshd[45022]: pam_unix(sshd:auth): check pass; user unknown
Apr 30 06:18:52 Debian-Redes sshd[45022]: pam_unix(sshd:auth): authentication failure; logname= uid=0 euid=0 tty=ssh ruser= rhost=220.160.221.146 
Apr 30 06:18:52 Debian-Redes sshd[45023]: pam_unix(sshd:auth): check pass; user unknown
Apr 30 06:18:52 Debian-Redes sshd[45023]: pam_unix(sshd:auth): authentication failure; logname= uid=0 euid=0 tty=ssh ruser= rhost=117.31.59.212 
Apr 30 06:18:52 Debian-Redes sshd[45012]: Invalid user robin from 121.206.204.48 port 49096
Apr 30 06:18:53 Debian-Redes sshd[45012]: pam_unix(sshd:auth): check pass; user unknown
Apr 30 06:18:53 Debian-Redes sshd[45012]: pam_unix(sshd:auth): authentication failure; logname= uid=0 euid=0 tty=ssh ruser= rhost=121.206.204.48 
Apr 30 06:18:53 Debian-Redes sshd[45046]: Invalid user admin from 125.79.238.126 port 49092
Apr 30 06:18:53 Debian-Redes sshd[45051]: Invalid user ubuntu from 117.31.59.240 port 49138
Apr 30 06:18:53 Debian-Redes sshd[45002]: pam_unix(sshd:auth): authentication failure; logname= uid=0 euid=0 tty=ssh ruser= rhost=117.28.79.110  user=root
Apr 30 06:18:53 Debian-Redes sshd[45052]: Invalid user ts3 from 120.34.199.208 port 49118
Apr 30 06:18:53 Debian-Redes sshd[45046]: pam_unix(sshd:auth): check pass; user unknown
Apr 30 06:18:53 Debian-Redes sshd[45046]: pam_unix(sshd:auth): authentication failure; logname= uid=0 euid=0 tty=ssh ruser= rhost=125.79.238.126 
Apr 30 06:18:53 Debian-Redes sshd[45051]: pam_unix(sshd:auth): check pass; user unknown
Apr 30 06:18:53 Debian-Redes sshd[45051]: pam_unix(sshd:auth): authentication failure; logname= uid=0 euid=0 tty=ssh ruser= rhost=117.31.59.240 
Apr 30 06:18:53 Debian-Redes sshd[45052]: pam_unix(sshd:auth): check pass; user unknown
Apr 30 06:18:53 Debian-Redes sshd[45052]: pam_unix(sshd:auth): authentication failure; logname= uid=0 euid=0 tty=ssh ruser= rhost=120.34.199.208 
Apr 30 06:18:53 Debian-Redes sshd[45050]: pam_unix(sshd:auth): authentication failure; logname= uid=0 euid=0 tty=ssh ruser= rhost=121.206.239.5  user=root
Apr 30 06:18:54 Debian-Redes sshd[45007]: Failed password for invalid user test from 120.34.196.242 port 49098 ssh2
Apr 30 06:18:54 Debian-Redes sshd[45006]: Failed password for invalid user uno from 220.160.221.208 port 49132 ssh2
Apr 30 06:18:54 Debian-Redes sshd[45001]: Failed password for invalid user jenkins from 220.160.221.146 port 49110 ssh2
Apr 30 06:18:54 Debian-Redes sshd[45004]: Failed password for root from 117.28.79.110 port 49088 ssh2
Apr 30 06:18:54 Debian-Redes sshd[45003]: Failed password for invalid user Admin from 110.87.194.205 port 49114 ssh2
Apr 30 06:18:54 Debian-Redes sshd[45013]: Failed password for invalid user devops from 117.28.79.118 port 49150 ssh2
Apr 30 06:18:54 Debian-Redes sshd[45011]: Failed password for invalid user test from 27.157.193.201 port 49120 ssh2
Apr 30 06:18:54 Debian-Redes sshd[45009]: Failed password for root from 110.82.196.50 port 49104 ssh2
Apr 30 06:18:54 Debian-Redes sshd[45008]: Failed password for invalid user ansadmin from 120.34.196.239 port 49082 ssh2
Apr 30 06:18:55 Debian-Redes sshd[45010]: Failed password for invalid user deploy from 117.28.79.110 port 49108 ssh2
Apr 30 06:18:55 Debian-Redes sshd[45015]: Failed password for invalid user zjw from 220.160.220.96 port 49106 ssh2
Apr 30 06:18:55 Debian-Redes sshd[45014]: Failed password for invalid user ubnt from 110.87.194.205 port 49128 ssh2
Apr 30 06:18:55 Debian-Redes sshd[45016]: Failed password for invalid user pi from 220.160.221.166 port 49174 ssh2
Apr 30 06:18:55 Debian-Redes sshd[45020]: Failed password for invalid user zjw from 220.160.220.125 port 49172 ssh2
Apr 30 06:18:55 Debian-Redes sshd[45019]: Failed password for invalid user ubnt from 125.79.238.105 port 49164 ssh2
Apr 30 06:18:55 Debian-Redes sshd[45021]: Failed password for root from 117.31.59.216 port 49158 ssh2
Apr 30 06:18:55 Debian-Redes sshd[45018]: Failed password for invalid user devops from 121.206.239.9 port 49168 ssh2
Apr 30 06:18:55 Debian-Redes sshd[45017]: Failed password for root from 125.79.238.105 port 49080 ssh2
Apr 30 06:18:55 Debian-Redes sshd[45022]: Failed password for invalid user admin from 220.160.221.146 port 49134 ssh2
Apr 30 06:18:55 Debian-Redes sshd[45012]: Failed password for invalid user robin from 121.206.204.48 port 49096 ssh2
Apr 30 06:18:55 Debian-Redes sshd[45023]: Failed password for invalid user teste from 117.31.59.212 port 49100 ssh2
Apr 30 06:18:55 Debian-Redes sshd[45015]: Connection closed by invalid user zjw 220.160.220.96 port 49106 [preauth]
Apr 30 06:18:55 Debian-Redes sshd[45020]: Connection closed by invalid user zjw 220.160.220.125 port 49172 [preauth]
Apr 30 06:18:55 Debian-Redes sshd[45004]: Connection closed by authenticating user root 117.28.79.110 port 49088 [preauth]
Apr 30 06:18:55 Debian-Redes sshd[45002]: Failed password for root from 117.28.79.110 port 49112 ssh2
Apr 30 06:18:55 Debian-Redes sshd[45046]: Failed password for invalid user admin from 125.79.238.126 port 49092 ssh2
Apr 30 06:18:55 Debian-Redes sshd[45009]: Connection closed by authenticating user root 110.82.196.50 port 49104 [preauth]
Apr 30 06:18:55 Debian-Redes sshd[45051]: Failed password for invalid user ubuntu from 117.31.59.240 port 49138 ssh2
Apr 30 06:18:55 Debian-Redes sshd[45021]: Connection closed by authenticating user root 117.31.59.216 port 49158 [preauth]
Apr 30 06:18:55 Debian-Redes sshd[45017]: Connection closed by authenticating user root 125.79.238.105 port 49080 [preauth]
Apr 30 06:18:55 Debian-Redes sshd[45052]: Failed password for invalid user ts3 from 120.34.199.208 port 49118 ssh2
Apr 30 06:18:55 Debian-Redes sshd[45050]: Failed password for root from 121.206.239.5 port 49102 ssh2
Apr 30 06:18:55 Debian-Redes sshd[45012]: Connection closed by invalid user robin 121.206.204.48 port 49096 [preauth]
Apr 30 06:18:55 Debian-Redes sshd[45052]: Connection closed by invalid user ts3 120.34.199.208 port 49118 [preauth]
Apr 30 06:18:55 Debian-Redes sshd[45010]: Connection closed by invalid user deploy 117.28.79.110 port 49108 [preauth]
Apr 30 06:18:56 Debian-Redes sshd[45016]: Connection closed by invalid user pi 220.160.221.166 port 49174 [preauth]
Apr 30 06:18:56 Debian-Redes sshd[45014]: Connection closed by invalid user ubnt 110.87.194.205 port 49128 [preauth]
Apr 30 06:18:56 Debian-Redes sshd[45019]: Connection closed by invalid user ubnt 125.79.238.105 port 49164 [preauth]
Apr 30 06:18:56 Debian-Redes sshd[45006]: Connection closed by invalid user uno 220.160.221.208 port 49132 [preauth]
Apr 30 06:18:56 Debian-Redes sshd[45002]: Connection closed by authenticating user root 117.28.79.110 port 49112 [preauth]
Apr 30 06:18:56 Debian-Redes sshd[45003]: Connection closed by invalid user Admin 110.87.194.205 port 49114 [preauth]
Apr 30 06:18:56 Debian-Redes sshd[45001]: Connection closed by invalid user jenkins 220.160.221.146 port 49110 [preauth]
Apr 30 06:18:56 Debian-Redes sshd[45013]: Connection closed by invalid user devops 117.28.79.118 port 49150 [preauth]
Apr 30 06:18:56 Debian-Redes sshd[45008]: Connection closed by invalid user ansadmin 120.34.196.239 port 49082 [preauth]
Apr 30 06:18:56 Debian-Redes sshd[45022]: Connection closed by invalid user admin 220.160.221.146 port 49134 [preauth]
Apr 30 06:18:56 Debian-Redes sshd[45023]: Connection closed by invalid user teste 117.31.59.212 port 49100 [preauth]
Apr 30 06:18:56 Debian-Redes sshd[45018]: Connection closed by invalid user devops 121.206.239.9 port 49168 [preauth]
Apr 30 06:18:56 Debian-Redes sshd[45050]: Connection closed by authenticating user root 121.206.239.5 port 49102 [preauth]
Apr 30 06:18:56 Debian-Redes sshd[45007]: Connection closed by invalid user test 120.34.196.242 port 49098 [preauth]
Apr 30 06:18:56 Debian-Redes sshd[45051]: Connection closed by invalid user ubuntu 117.31.59.240 port 49138 [preauth]
Apr 30 06:18:56 Debian-Redes sshd[45011]: Connection closed by invalid user test 27.157.193.201 port 49120 [preauth]
Apr 30 06:18:57 Debian-Redes sshd[45046]: Connection closed by invalid user admin 125.79.238.126 port 49092 [preauth]
Apr 30 06:24:28 Debian-Redes sshd[732]: exited MaxStartups throttling after 00:05:36, 10 connections dropped
Apr 30 06:24:29 Debian-Redes sshd[45095]: pam_unix(sshd:auth): authentication failure; logname= uid=0 euid=0 tty=ssh ruser= rhost=218.92.0.114  user=root
Apr 30 06:24:31 Debian-Redes sshd[45095]: Failed password for root from 218.92.0.114 port 44443 ssh2
Apr 30 06:24:34 Debian-Redes sshd[45095]: Failed password for root from 218.92.0.114 port 44443 ssh2
Apr 30 06:24:37 Debian-Redes sshd[45095]: Failed password for root from 218.92.0.114 port 44443 ssh2
Apr 30 06:24:38 Debian-Redes sshd[45095]: Received disconnect from 218.92.0.114 port 44443:11:  [preauth]
Apr 30 06:24:38 Debian-Redes sshd[45095]: Disconnected from authenticating user root 218.92.0.114 port 44443 [preauth]
Apr 30 06:24:38 Debian-Redes sshd[45095]: PAM 2 more authentication failures; logname= uid=0 euid=0 tty=ssh ruser= rhost=218.92.0.114  user=root
Apr 30 06:24:39 Debian-Redes sshd[45097]: pam_unix(sshd:auth): authentication failure; logname= uid=0 euid=0 tty=ssh ruser= rhost=218.92.0.114  user=root
Apr 30 06:24:41 Debian-Redes sshd[45097]: Failed password for root from 218.92.0.114 port 48434 ssh2
Apr 30 06:24:44 Debian-Redes sshd[45097]: Failed password for root from 218.92.0.114 port 48434 ssh2
Apr 30 06:24:47 Debian-Redes sshd[45097]: Failed password for root from 218.92.0.114 port 48434 ssh2
Apr 30 06:24:47 Debian-Redes sshd[45097]: Received disconnect from 218.92.0.114 port 48434:11:  [preauth]
Apr 30 06:24:47 Debian-Redes sshd[45097]: Disconnected from authenticating user root 218.92.0.114 port 48434 [preauth]
Apr 30 06:24:47 Debian-Redes sshd[45097]: PAM 2 more authentication failures; logname= uid=0 euid=0 tty=ssh ruser= rhost=218.92.0.114  user=root
Apr 30 06:25:01 Debian-Redes CRON[45100]: pam_unix(cron:session): session opened for user root(uid=0) by (uid=0)
Apr 30 06:25:01 Debian-Redes CRON[45100]: pam_unix(cron:session): session closed for user root
Apr 30 06:29:52 Debian-Redes sshd[45143]: pam_unix(sshd:auth): authentication failure; logname= uid=0 euid=0 tty=ssh ruser= rhost=180.101.88.237  user=root
Apr 30 06:29:54 Debian-Redes sshd[45143]: Failed password for root from 180.101.88.237 port 52347 ssh2
Apr 30 06:29:56 Debian-Redes sshd[45143]: Failed password for root from 180.101.88.237 port 52347 ssh2
Apr 30 06:30:00 Debian-Redes sshd[45143]: Failed password for root from 180.101.88.237 port 52347 ssh2
Apr 30 06:30:01 Debian-Redes sshd[45143]: Received disconnect from 180.101.88.237 port 52347:11:  [preauth]
Apr 30 06:30:01 Debian-Redes sshd[45143]: Disconnected from authenticating user root 180.101.88.237 port 52347 [preauth]
Apr 30 06:30:01 Debian-Redes sshd[45143]: PAM 2 more authentication failures; logname= uid=0 euid=0 tty=ssh ruser= rhost=180.101.88.237  user=root
Apr 30 06:30:03 Debian-Redes sshd[45145]: pam_unix(sshd:auth): authentication failure; logname= uid=0 euid=0 tty=ssh ruser= rhost=180.101.88.237  user=root
Apr 30 06:30:06 Debian-Redes sshd[45145]: Failed password for root from 180.101.88.237 port 14775 ssh2
Apr 30 06:30:08 Debian-Redes sshd[45145]: Failed password for root from 180.101.88.237 port 14775 ssh2
Apr 30 06:30:11 Debian-Redes sshd[45145]: Failed password for root from 180.101.88.237 port 14775 ssh2
Apr 30 06:30:12 Debian-Redes sshd[45145]: Received disconnect from 180.101.88.237 port 14775:11:  [preauth]
Apr 30 06:30:12 Debian-Redes sshd[45145]: Disconnected from authenticating user root 180.101.88.237 port 14775 [preauth]
Apr 30 06:30:12 Debian-Redes sshd[45145]: PAM 2 more authentication failures; logname= uid=0 euid=0 tty=ssh ruser= rhost=180.101.88.237  user=root
Apr 30 06:30:15 Debian-Redes sshd[45153]: pam_unix(sshd:auth): authentication failure; logname= uid=0 euid=0 tty=ssh ruser= rhost=180.101.88.237  user=root
Apr 30 06:30:17 Debian-Redes sshd[45153]: Failed password for root from 180.101.88.237 port 48846 ssh2
Apr 30 06:30:19 Debian-Redes sshd[45153]: Failed password for root from 180.101.88.237 port 48846 ssh2
Apr 30 06:30:23 Debian-Redes sshd[45153]: Failed password for root from 180.101.88.237 port 48846 ssh2
Apr 30 06:30:23 Debian-Redes sshd[45153]: Received disconnect from 180.101.88.237 port 48846:11:  [preauth]
Apr 30 06:30:23 Debian-Redes sshd[45153]: Disconnected from authenticating user root 180.101.88.237 port 48846 [preauth]
Apr 30 06:30:23 Debian-Redes sshd[45153]: PAM 2 more authentication failures; logname= uid=0 euid=0 tty=ssh ruser= rhost=180.101.88.237  user=root
Apr 30 06:31:25 Debian-Redes sshd[45162]: error: kex_exchange_identification: read: Connection reset by peer
Apr 30 06:31:25 Debian-Redes sshd[45162]: Connection reset by 54.37.17.250 port 49916
Apr 30 06:31:26 Debian-Redes sshd[732]: error: beginning MaxStartups throttling
Apr 30 06:31:26 Debian-Redes sshd[732]: drop connection #16 from [54.37.17.250]:50264 on [10.0.0.4]:22 past MaxStartups
Apr 30 06:31:28 Debian-Redes sshd[45163]: Invalid user uno from 54.37.17.250 port 50064
Apr 30 06:31:28 Debian-Redes sshd[45170]: Invalid user Admin from 54.37.17.250 port 50198
Apr 30 06:31:28 Debian-Redes sshd[45177]: Invalid user postgres from 54.37.17.250 port 50222
Apr 30 06:31:28 Debian-Redes sshd[45164]: Invalid user operator from 54.37.17.250 port 49928
Apr 30 06:31:28 Debian-Redes sshd[45167]: Invalid user Admin from 54.37.17.250 port 49944
Apr 30 06:31:29 Debian-Redes sshd[45169]: Invalid user pi from 54.37.17.250 port 49984
Apr 30 06:31:29 Debian-Redes sshd[45174]: Invalid user work from 54.37.17.250 port 49962
Apr 30 06:31:29 Debian-Redes sshd[45181]: Invalid user orangepi from 54.37.17.250 port 50168
Apr 30 06:31:29 Debian-Redes sshd[45173]: Invalid user jenkins from 54.37.17.250 port 50000
Apr 30 06:31:29 Debian-Redes sshd[45165]: Invalid user postgres from 54.37.17.250 port 50022
Apr 30 06:31:29 Debian-Redes sshd[45178]: Invalid user ubnt from 54.37.17.250 port 49966
Apr 30 06:31:29 Debian-Redes sshd[45185]: Invalid user steam from 54.37.17.250 port 50212
Apr 30 06:31:29 Debian-Redes sshd[45184]: Invalid user postgres from 54.37.17.250 port 50136
Apr 30 06:31:29 Debian-Redes sshd[45180]: Invalid user pi from 54.37.17.250 port 50038
Apr 30 06:31:29 Debian-Redes sshd[45176]: Invalid user adi from 54.37.17.250 port 50234
Apr 30 06:31:29 Debian-Redes sshd[45166]: Invalid user orangepi from 54.37.17.250 port 49970
Apr 30 06:31:29 Debian-Redes sshd[45171]: Invalid user deploy from 54.37.17.250 port 50090
Apr 30 06:31:29 Debian-Redes sshd[45186]: Invalid user user from 54.37.17.250 port 49938
Apr 30 06:31:29 Debian-Redes sshd[45182]: Invalid user craft from 54.37.17.250 port 50274
Apr 30 06:31:29 Debian-Redes sshd[45187]: Invalid user es_user from 54.37.17.250 port 50184
Apr 30 06:31:29 Debian-Redes sshd[45168]: Invalid user Admin from 54.37.17.250 port 50028
Apr 30 06:31:29 Debian-Redes sshd[45183]: Invalid user dockeradmin from 54.37.17.250 port 50080
Apr 30 06:31:29 Debian-Redes sshd[45175]: Invalid user Admin from 54.37.17.250 port 50052
Apr 30 06:31:29 Debian-Redes sshd[45163]: pam_unix(sshd:auth): check pass; user unknown
Apr 30 06:31:29 Debian-Redes sshd[45163]: pam_unix(sshd:auth): authentication failure; logname= uid=0 euid=0 tty=ssh ruser= rhost=54.37.17.250 
Apr 30 06:31:29 Debian-Redes sshd[45170]: pam_unix(sshd:auth): check pass; user unknown
Apr 30 06:31:29 Debian-Redes sshd[45170]: pam_unix(sshd:auth): authentication failure; logname= uid=0 euid=0 tty=ssh ruser= rhost=54.37.17.250 
Apr 30 06:31:29 Debian-Redes sshd[45177]: pam_unix(sshd:auth): check pass; user unknown
Apr 30 06:31:29 Debian-Redes sshd[45177]: pam_unix(sshd:auth): authentication failure; logname= uid=0 euid=0 tty=ssh ruser= rhost=54.37.17.250 
Apr 30 06:31:29 Debian-Redes sshd[45167]: pam_unix(sshd:auth): check pass; user unknown
Apr 30 06:31:29 Debian-Redes sshd[45167]: pam_unix(sshd:auth): authentication failure; logname= uid=0 euid=0 tty=ssh ruser= rhost=54.37.17.250 
Apr 30 06:31:29 Debian-Redes sshd[45174]: pam_unix(sshd:auth): check pass; user unknown
Apr 30 06:31:29 Debian-Redes sshd[45174]: pam_unix(sshd:auth): authentication failure; logname= uid=0 euid=0 tty=ssh ruser= rhost=54.37.17.250 
Apr 30 06:31:29 Debian-Redes sshd[45169]: pam_unix(sshd:auth): check pass; user unknown
Apr 30 06:31:29 Debian-Redes sshd[45169]: pam_unix(sshd:auth): authentication failure; logname= uid=0 euid=0 tty=ssh ruser= rhost=54.37.17.250 
Apr 30 06:31:29 Debian-Redes sshd[45164]: pam_unix(sshd:auth): check pass; user unknown
Apr 30 06:31:29 Debian-Redes sshd[45164]: pam_unix(sshd:auth): authentication failure; logname= uid=0 euid=0 tty=ssh ruser= rhost=54.37.17.250 
Apr 30 06:31:29 Debian-Redes sshd[45181]: pam_unix(sshd:auth): check pass; user unknown
Apr 30 06:31:29 Debian-Redes sshd[45181]: pam_unix(sshd:auth): authentication failure; logname= uid=0 euid=0 tty=ssh ruser= rhost=54.37.17.250 
Apr 30 06:31:29 Debian-Redes sshd[45173]: pam_unix(sshd:auth): check pass; user unknown
Apr 30 06:31:29 Debian-Redes sshd[45173]: pam_unix(sshd:auth): authentication failure; logname= uid=0 euid=0 tty=ssh ruser= rhost=54.37.17.250 
Apr 30 06:31:29 Debian-Redes sshd[45179]: pam_unix(sshd:auth): authentication failure; logname= uid=0 euid=0 tty=ssh ruser= rhost=54.37.17.250  user=root
Apr 30 06:31:29 Debian-Redes sshd[45172]: pam_unix(sshd:auth): authentication failure; logname= uid=0 euid=0 tty=ssh ruser= rhost=54.37.17.250  user=root
Apr 30 06:31:29 Debian-Redes sshd[45184]: pam_unix(sshd:auth): check pass; user unknown
Apr 30 06:31:29 Debian-Redes sshd[45184]: pam_unix(sshd:auth): authentication failure; logname= uid=0 euid=0 tty=ssh ruser= rhost=54.37.17.250 
Apr 30 06:31:29 Debian-Redes sshd[45185]: pam_unix(sshd:auth): check pass; user unknown
Apr 30 06:31:29 Debian-Redes sshd[45185]: pam_unix(sshd:auth): authentication failure; logname= uid=0 euid=0 tty=ssh ruser= rhost=54.37.17.250 
Apr 30 06:31:29 Debian-Redes sshd[45178]: pam_unix(sshd:auth): check pass; user unknown
Apr 30 06:31:29 Debian-Redes sshd[45178]: pam_unix(sshd:auth): authentication failure; logname= uid=0 euid=0 tty=ssh ruser= rhost=54.37.17.250 
Apr 30 06:31:29 Debian-Redes sshd[45180]: pam_unix(sshd:auth): check pass; user unknown
Apr 30 06:31:29 Debian-Redes sshd[45180]: pam_unix(sshd:auth): authentication failure; logname= uid=0 euid=0 tty=ssh ruser= rhost=54.37.17.250 
Apr 30 06:31:29 Debian-Redes sshd[45176]: pam_unix(sshd:auth): check pass; user unknown
Apr 30 06:31:29 Debian-Redes sshd[45176]: pam_unix(sshd:auth): authentication failure; logname= uid=0 euid=0 tty=ssh ruser= rhost=54.37.17.250 
Apr 30 06:31:29 Debian-Redes sshd[45166]: pam_unix(sshd:auth): check pass; user unknown
Apr 30 06:31:29 Debian-Redes sshd[45166]: pam_unix(sshd:auth): authentication failure; logname= uid=0 euid=0 tty=ssh ruser= rhost=54.37.17.250 
Apr 30 06:31:29 Debian-Redes sshd[45182]: pam_unix(sshd:auth): check pass; user unknown
Apr 30 06:31:29 Debian-Redes sshd[45182]: pam_unix(sshd:auth): authentication failure; logname= uid=0 euid=0 tty=ssh ruser= rhost=54.37.17.250 
Apr 30 06:31:29 Debian-Redes sshd[45171]: pam_unix(sshd:auth): check pass; user unknown
Apr 30 06:31:29 Debian-Redes sshd[45171]: pam_unix(sshd:auth): authentication failure; logname= uid=0 euid=0 tty=ssh ruser= rhost=54.37.17.250 
Apr 30 06:31:29 Debian-Redes sshd[45187]: pam_unix(sshd:auth): check pass; user unknown
Apr 30 06:31:29 Debian-Redes sshd[45187]: pam_unix(sshd:auth): authentication failure; logname= uid=0 euid=0 tty=ssh ruser= rhost=54.37.17.250 
Apr 30 06:31:29 Debian-Redes sshd[45186]: pam_unix(sshd:auth): check pass; user unknown
Apr 30 06:31:29 Debian-Redes sshd[45186]: pam_unix(sshd:auth): authentication failure; logname= uid=0 euid=0 tty=ssh ruser= rhost=54.37.17.250 
Apr 30 06:31:29 Debian-Redes sshd[45183]: pam_unix(sshd:auth): check pass; user unknown
Apr 30 06:31:29 Debian-Redes sshd[45183]: pam_unix(sshd:auth): authentication failure; logname= uid=0 euid=0 tty=ssh ruser= rhost=54.37.17.250 
Apr 30 06:31:29 Debian-Redes sshd[45168]: pam_unix(sshd:auth): check pass; user unknown
Apr 30 06:31:29 Debian-Redes sshd[45168]: pam_unix(sshd:auth): authentication failure; logname= uid=0 euid=0 tty=ssh ruser= rhost=54.37.17.250 
Apr 30 06:31:29 Debian-Redes sshd[45165]: pam_unix(sshd:auth): check pass; user unknown
Apr 30 06:31:29 Debian-Redes sshd[45165]: pam_unix(sshd:auth): authentication failure; logname= uid=0 euid=0 tty=ssh ruser= rhost=54.37.17.250 
Apr 30 06:31:30 Debian-Redes sshd[45175]: pam_unix(sshd:auth): check pass; user unknown
Apr 30 06:31:30 Debian-Redes sshd[45175]: pam_unix(sshd:auth): authentication failure; logname= uid=0 euid=0 tty=ssh ruser= rhost=54.37.17.250 
Apr 30 06:31:30 Debian-Redes sshd[45213]: Invalid user user from 54.37.17.250 port 50130
Apr 30 06:31:31 Debian-Redes sshd[45215]: Invalid user steam from 54.37.17.250 port 50004
Apr 30 06:31:31 Debian-Redes sshd[45213]: pam_unix(sshd:auth): check pass; user unknown
Apr 30 06:31:31 Debian-Redes sshd[45213]: pam_unix(sshd:auth): authentication failure; logname= uid=0 euid=0 tty=ssh ruser= rhost=54.37.17.250 
Apr 30 06:31:31 Debian-Redes sshd[45163]: Failed password for invalid user uno from 54.37.17.250 port 50064 ssh2
Apr 30 06:31:31 Debian-Redes sshd[45170]: Failed password for invalid user Admin from 54.37.17.250 port 50198 ssh2
Apr 30 06:31:31 Debian-Redes sshd[45177]: Failed password for invalid user postgres from 54.37.17.250 port 50222 ssh2
Apr 30 06:31:31 Debian-Redes sshd[45167]: Failed password for invalid user Admin from 54.37.17.250 port 49944 ssh2
Apr 30 06:31:31 Debian-Redes sshd[45174]: Failed password for invalid user work from 54.37.17.250 port 49962 ssh2
Apr 30 06:31:31 Debian-Redes sshd[45169]: Failed password for invalid user pi from 54.37.17.250 port 49984 ssh2
Apr 30 06:31:31 Debian-Redes sshd[45164]: Failed password for invalid user operator from 54.37.17.250 port 49928 ssh2
Apr 30 06:31:31 Debian-Redes sshd[45181]: Failed password for invalid user orangepi from 54.37.17.250 port 50168 ssh2
Apr 30 06:31:31 Debian-Redes sshd[45173]: Failed password for invalid user jenkins from 54.37.17.250 port 50000 ssh2
Apr 30 06:31:31 Debian-Redes sshd[45179]: Failed password for root from 54.37.17.250 port 50282 ssh2
Apr 30 06:31:31 Debian-Redes sshd[45172]: Failed password for root from 54.37.17.250 port 50102 ssh2
Apr 30 06:31:31 Debian-Redes sshd[45184]: Failed password for invalid user postgres from 54.37.17.250 port 50136 ssh2
Apr 30 06:31:31 Debian-Redes sshd[45185]: Failed password for invalid user steam from 54.37.17.250 port 50212 ssh2
Apr 30 06:31:31 Debian-Redes sshd[45178]: Failed password for invalid user ubnt from 54.37.17.250 port 49966 ssh2
Apr 30 06:31:31 Debian-Redes sshd[45180]: Failed password for invalid user pi from 54.37.17.250 port 50038 ssh2
Apr 30 06:31:31 Debian-Redes sshd[45176]: Failed password for invalid user adi from 54.37.17.250 port 50234 ssh2
Apr 30 06:31:31 Debian-Redes sshd[45166]: Failed password for invalid user orangepi from 54.37.17.250 port 49970 ssh2
Apr 30 06:31:31 Debian-Redes sshd[45182]: Failed password for invalid user craft from 54.37.17.250 port 50274 ssh2
Apr 30 06:31:31 Debian-Redes sshd[45171]: Failed password for invalid user deploy from 54.37.17.250 port 50090 ssh2
Apr 30 06:31:31 Debian-Redes sshd[45187]: Failed password for invalid user es_user from 54.37.17.250 port 50184 ssh2
Apr 30 06:31:31 Debian-Redes sshd[45186]: Failed password for invalid user user from 54.37.17.250 port 49938 ssh2
Apr 30 06:31:31 Debian-Redes sshd[45183]: Failed password for invalid user dockeradmin from 54.37.17.250 port 50080 ssh2
Apr 30 06:31:31 Debian-Redes sshd[45168]: Failed password for invalid user Admin from 54.37.17.250 port 50028 ssh2
Apr 30 06:31:31 Debian-Redes sshd[45165]: Failed password for invalid user postgres from 54.37.17.250 port 50022 ssh2
Apr 30 06:31:31 Debian-Redes sshd[45215]: pam_unix(sshd:auth): check pass; user unknown
Apr 30 06:31:31 Debian-Redes sshd[45215]: pam_unix(sshd:auth): authentication failure; logname= uid=0 euid=0 tty=ssh ruser= rhost=54.37.17.250 
Apr 30 06:31:31 Debian-Redes sshd[45216]: Invalid user ubuntu from 54.37.17.250 port 50116
Apr 30 06:31:31 Debian-Redes sshd[45164]: Connection closed by invalid user operator 54.37.17.250 port 49928 [preauth]
Apr 30 06:31:31 Debian-Redes sshd[45216]: pam_unix(sshd:auth): check pass; user unknown
Apr 30 06:31:31 Debian-Redes sshd[45216]: pam_unix(sshd:auth): authentication failure; logname= uid=0 euid=0 tty=ssh ruser= rhost=54.37.17.250 
Apr 30 06:31:32 Debian-Redes sshd[45175]: Failed password for invalid user Admin from 54.37.17.250 port 50052 ssh2
Apr 30 06:31:32 Debian-Redes sshd[45179]: Connection closed by authenticating user root 54.37.17.250 port 50282 [preauth]
Apr 30 06:31:32 Debian-Redes sshd[45172]: Connection closed by authenticating user root 54.37.17.250 port 50102 [preauth]
Apr 30 06:31:32 Debian-Redes sshd[45187]: Connection closed by invalid user es_user 54.37.17.250 port 50184 [preauth]
Apr 30 06:31:32 Debian-Redes sshd[45182]: Connection closed by invalid user craft 54.37.17.250 port 50274 [preauth]
Apr 30 06:31:32 Debian-Redes sshd[45186]: Connection closed by invalid user user 54.37.17.250 port 49938 [preauth]
Apr 30 06:31:32 Debian-Redes sshd[45171]: Connection closed by invalid user deploy 54.37.17.250 port 50090 [preauth]
Apr 30 06:31:32 Debian-Redes sshd[45181]: Connection closed by invalid user orangepi 54.37.17.250 port 50168 [preauth]
Apr 30 06:31:32 Debian-Redes sshd[45169]: Connection closed by invalid user pi 54.37.17.250 port 49984 [preauth]
Apr 30 06:31:32 Debian-Redes sshd[45166]: Connection closed by invalid user orangepi 54.37.17.250 port 49970 [preauth]
Apr 30 06:31:32 Debian-Redes sshd[45180]: Connection closed by invalid user pi 54.37.17.250 port 50038 [preauth]
Apr 30 06:31:32 Debian-Redes sshd[45178]: Connection closed by invalid user ubnt 54.37.17.250 port 49966 [preauth]
Apr 30 06:31:32 Debian-Redes sshd[45163]: Connection closed by invalid user uno 54.37.17.250 port 50064 [preauth]
Apr 30 06:31:32 Debian-Redes sshd[45170]: Connection closed by invalid user Admin 54.37.17.250 port 50198 [preauth]
Apr 30 06:31:32 Debian-Redes sshd[45167]: Connection closed by invalid user Admin 54.37.17.250 port 49944 [preauth]
Apr 30 06:31:33 Debian-Redes sshd[45168]: Connection closed by invalid user Admin 54.37.17.250 port 50028 [preauth]
Apr 30 06:31:33 Debian-Redes sshd[45213]: Failed password for invalid user user from 54.37.17.250 port 50130 ssh2
Apr 30 06:31:33 Debian-Redes sshd[45173]: Connection closed by invalid user jenkins 54.37.17.250 port 50000 [preauth]
Apr 30 06:31:33 Debian-Redes sshd[45176]: Connection closed by invalid user adi 54.37.17.250 port 50234 [preauth]
Apr 30 06:31:33 Debian-Redes sshd[45185]: Connection closed by invalid user steam 54.37.17.250 port 50212 [preauth]
Apr 30 06:31:33 Debian-Redes sshd[45177]: Connection closed by invalid user postgres 54.37.17.250 port 50222 [preauth]
Apr 30 06:31:33 Debian-Redes sshd[45183]: Connection closed by invalid user dockeradmin 54.37.17.250 port 50080 [preauth]
Apr 30 06:31:33 Debian-Redes sshd[45174]: Connection closed by invalid user work 54.37.17.250 port 49962 [preauth]
Apr 30 06:31:33 Debian-Redes sshd[45184]: Connection closed by invalid user postgres 54.37.17.250 port 50136 [preauth]
Apr 30 06:31:33 Debian-Redes sshd[45165]: Connection closed by invalid user postgres 54.37.17.250 port 50022 [preauth]
Apr 30 06:31:33 Debian-Redes sshd[45175]: Connection closed by invalid user Admin 54.37.17.250 port 50052 [preauth]
Apr 30 06:31:33 Debian-Redes sshd[45215]: Failed password for invalid user steam from 54.37.17.250 port 50004 ssh2
Apr 30 06:31:34 Debian-Redes sshd[45213]: Connection closed by invalid user user 54.37.17.250 port 50130 [preauth]
Apr 30 06:31:34 Debian-Redes sshd[45216]: Failed password for invalid user ubuntu from 54.37.17.250 port 50116 ssh2
Apr 30 06:31:34 Debian-Redes sshd[45216]: Connection closed by invalid user ubuntu 54.37.17.250 port 50116 [preauth]
Apr 30 06:31:35 Debian-Redes sshd[45215]: Connection closed by invalid user steam 54.37.17.250 port 50004 [preauth]
Apr 30 06:31:37 Debian-Redes sshd[732]: exited MaxStartups throttling after 00:00:11, 5 connections dropped
Apr 30 06:31:38 Debian-Redes sshd[45219]: pam_unix(sshd:auth): authentication failure; logname= uid=0 euid=0 tty=ssh ruser= rhost=218.92.0.118  user=root
Apr 30 06:31:40 Debian-Redes sshd[45219]: Failed password for root from 218.92.0.118 port 34331 ssh2
Apr 30 06:31:42 Debian-Redes sshd[45219]: Failed password for root from 218.92.0.118 port 34331 ssh2
Apr 30 06:31:45 Debian-Redes sshd[45219]: Failed password for root from 218.92.0.118 port 34331 ssh2
Apr 30 06:31:46 Debian-Redes sshd[45219]: Received disconnect from 218.92.0.118 port 34331:11:  [preauth]
Apr 30 06:31:46 Debian-Redes sshd[45219]: Disconnected from authenticating user root 218.92.0.118 port 34331 [preauth]
Apr 30 06:31:46 Debian-Redes sshd[45219]: PAM 2 more authentication failures; logname= uid=0 euid=0 tty=ssh ruser= rhost=218.92.0.118  user=root
Apr 30 06:31:47 Debian-Redes sshd[45221]: pam_unix(sshd:auth): authentication failure; logname= uid=0 euid=0 tty=ssh ruser= rhost=218.92.0.118  user=root
Apr 30 06:31:50 Debian-Redes sshd[45221]: Failed password for root from 218.92.0.118 port 49404 ssh2
Apr 30 06:31:51 Debian-Redes sshd[45223]: error: kex_exchange_identification: Connection closed by remote host
Apr 30 06:31:51 Debian-Redes sshd[45223]: Connection closed by 94.23.165.51 port 52068
Apr 30 06:31:51 Debian-Redes sshd[732]: error: beginning MaxStartups throttling
Apr 30 06:31:51 Debian-Redes sshd[732]: drop connection #11 from [94.23.165.51]:52106 on [10.0.0.4]:22 past MaxStartups
Apr 30 06:31:52 Debian-Redes sshd[45234]: Invalid user station6 from 94.23.165.51 port 52132
Apr 30 06:31:52 Debian-Redes sshd[45233]: Invalid user user from 94.23.165.51 port 52236
Apr 30 06:31:52 Debian-Redes sshd[45229]: Invalid user upload from 94.23.165.51 port 52144
Apr 30 06:31:52 Debian-Redes sshd[45228]: Invalid user user from 94.23.165.51 port 52122
Apr 30 06:31:52 Debian-Redes sshd[45227]: Invalid user ubnt from 94.23.165.51 port 52238
Apr 30 06:31:52 Debian-Redes sshd[45236]: Invalid user teamspeak from 94.23.165.51 port 52164
Apr 30 06:31:52 Debian-Redes sshd[45231]: Invalid user ubuntu from 94.23.165.51 port 52242
Apr 30 06:31:52 Debian-Redes sshd[45230]: Invalid user dspace from 94.23.165.51 port 52194
Apr 30 06:31:52 Debian-Redes sshd[45232]: Invalid user ansible from 94.23.165.51 port 52208
Apr 30 06:31:52 Debian-Redes sshd[45226]: Invalid user cloudadmin from 94.23.165.51 port 52174
Apr 30 06:31:52 Debian-Redes sshd[45221]: Failed password for root from 218.92.0.118 port 49404 ssh2
Apr 30 06:31:52 Debian-Redes sshd[45240]: Invalid user john from 94.23.165.51 port 52278
Apr 30 06:31:52 Debian-Redes sshd[45225]: Invalid user admin from 94.23.165.51 port 52072
Apr 30 06:31:52 Debian-Redes sshd[45241]: Invalid user postgres from 94.23.165.51 port 52094
Apr 30 06:31:52 Debian-Redes sshd[45224]: Invalid user deploy from 94.23.165.51 port 52114
Apr 30 06:31:52 Debian-Redes sshd[45247]: Invalid user akash from 94.23.165.51 port 52212
Apr 30 06:31:52 Debian-Redes sshd[45248]: Invalid user Admin from 94.23.165.51 port 52294
Apr 30 06:31:52 Debian-Redes sshd[45243]: Invalid user ubuntu from 94.23.165.51 port 52184
Apr 30 06:31:52 Debian-Redes sshd[45237]: Invalid user bob from 94.23.165.51 port 52282
Apr 30 06:31:52 Debian-Redes sshd[45235]: Invalid user deploy from 94.23.165.51 port 52112
Apr 30 06:31:52 Debian-Redes sshd[45246]: Invalid user gpadmin from 94.23.165.51 port 52274
Apr 30 06:31:52 Debian-Redes sshd[45245]: Invalid user mc from 94.23.165.51 port 52342
