Apr 30 06:56:50 Debian-Redes sshd[54697]: Failed password for root from 180.101.88.237 port 58926 ssh2
Apr 30 06:56:53 Debian-Redes sshd[54697]: Failed password for root from 180.101.88.237 port 58926 ssh2
Apr 30 06:56:56 Debian-Redes sshd[54697]: Failed password for root from 180.101.88.237 port 58926 ssh2
Apr 30 06:56:57 Debian-Redes sshd[54697]: Received disconnect from 180.101.88.237 port 58926:11:  [preauth]
Apr 30 06:56:57 Debian-Redes sshd[54697]: Disconnected from authenticating user root 180.101.88.237 port 58926 [preauth]
Apr 30 06:56:57 Debian-Redes sshd[54697]: PAM 2 more authentication failures; logname= uid=0 euid=0 tty=ssh ruser= rhost=180.101.88.237  user=root
Apr 30 06:59:06 Debian-Redes sshd[54712]: pam_unix(sshd:auth): authentication failure; logname= uid=0 euid=0 tty=ssh ruser= rhost=218.92.0.31  user=root
Apr 30 06:59:08 Debian-Redes sshd[54712]: Failed password for root from 218.92.0.31 port 29562 ssh2
Apr 30 06:59:10 Debian-Redes sshd[54712]: Failed password for root from 218.92.0.31 port 29562 ssh2
Apr 30 06:59:13 Debian-Redes sshd[54712]: Failed password for root from 218.92.0.31 port 29562 ssh2
Apr 30 06:59:14 Debian-Redes sshd[54712]: Received disconnect from 218.92.0.31 port 29562:11:  [preauth]
Apr 30 06:59:14 Debian-Redes sshd[54712]: Disconnected from authenticating user root 218.92.0.31 port 29562 [preauth]
Apr 30 06:59:14 Debian-Redes sshd[54712]: PAM 2 more authentication failures; logname= uid=0 euid=0 tty=ssh ruser= rhost=218.92.0.31  user=root
Apr 30 06:59:16 Debian-Redes sshd[54720]: pam_unix(sshd:auth): authentication failure; logname= uid=0 euid=0 tty=ssh ruser= rhost=218.92.0.31  user=root
Apr 30 06:59:18 Debian-Redes sshd[54720]: Failed password for root from 218.92.0.31 port 43207 ssh2
Apr 30 06:59:20 Debian-Redes sshd[54720]: Failed password for root from 218.92.0.31 port 43207 ssh2
Apr 30 06:59:23 Debian-Redes sshd[54720]: Failed password for root from 218.92.0.31 port 43207 ssh2
Apr 30 06:59:24 Debian-Redes sshd[54720]: Received disconnect from 218.92.0.31 port 43207:11:  [preauth]
Apr 30 06:59:24 Debian-Redes sshd[54720]: Disconnected from authenticating user root 218.92.0.31 port 43207 [preauth]
Apr 30 06:59:24 Debian-Redes sshd[54720]: PAM 2 more authentication failures; logname= uid=0 euid=0 tty=ssh ruser= rhost=218.92.0.31  user=root
Apr 30 06:59:25 Debian-Redes sshd[54722]: pam_unix(sshd:auth): authentication failure; logname= uid=0 euid=0 tty=ssh ruser= rhost=218.92.0.31  user=root
Apr 30 06:59:28 Debian-Redes sshd[54722]: Failed password for root from 218.92.0.31 port 59846 ssh2
Apr 30 06:59:30 Debian-Redes sshd[54722]: Failed password for root from 218.92.0.31 port 59846 ssh2
Apr 30 06:59:33 Debian-Redes sshd[54722]: Failed password for root from 218.92.0.31 port 59846 ssh2
Apr 30 06:59:34 Debian-Redes sshd[54722]: Received disconnect from 218.92.0.31 port 59846:11:  [preauth]
Apr 30 06:59:34 Debian-Redes sshd[54722]: Disconnected from authenticating user root 218.92.0.31 port 59846 [preauth]
Apr 30 06:59:34 Debian-Redes sshd[54722]: PAM 2 more authentication failures; logname= uid=0 euid=0 tty=ssh ruser= rhost=218.92.0.31  user=root
Apr 30 06:59:35 Debian-Redes sshd[54724]: pam_unix(sshd:auth): authentication failure; logname= uid=0 euid=0 tty=ssh ruser= rhost=218.92.0.31  user=root
Apr 30 06:59:37 Debian-Redes sshd[54724]: Failed password for root from 218.92.0.31 port 23732 ssh2
Apr 30 06:59:40 Debian-Redes sshd[54724]: Failed password for root from 218.92.0.31 port 23732 ssh2
Apr 30 06:59:43 Debian-Redes sshd[54724]: Failed password for root from 218.92.0.31 port 23732 ssh2
Apr 30 06:59:44 Debian-Redes sshd[54724]: Received disconnect from 218.92.0.31 port 23732:11:  [preauth]
Apr 30 06:59:44 Debian-Redes sshd[54724]: Disconnected from authenticating user root 218.92.0.31 port 23732 [preauth]
Apr 30 06:59:44 Debian-Redes sshd[54724]: PAM 2 more authentication failures; logname= uid=0 euid=0 tty=ssh ruser= rhost=218.92.0.31  user=root
Apr 30 07:00:27 Debian-Redes sshd[54734]: pam_unix(sshd:auth): authentication failure; logname= uid=0 euid=0 tty=ssh ruser= rhost=61.177.173.37  user=root
Apr 30 07:00:29 Debian-Redes sshd[54734]: Failed password for root from 61.177.173.37 port 28716 ssh2
Apr 30 07:00:32 Debian-Redes sshd[54734]: Failed password for root from 61.177.173.37 port 28716 ssh2
Apr 30 07:00:34 Debian-Redes sshd[54734]: Failed password for root from 61.177.173.37 port 28716 ssh2
Apr 30 07:00:35 Debian-Redes sshd[54734]: Received disconnect from 61.177.173.37 port 28716:11:  [preauth]
Apr 30 07:00:35 Debian-Redes sshd[54734]: Disconnected from authenticating user root 61.177.173.37 port 28716 [preauth]
Apr 30 07:00:35 Debian-Redes sshd[54734]: PAM 2 more authentication failures; logname= uid=0 euid=0 tty=ssh ruser= rhost=61.177.173.37  user=root
Apr 30 07:00:36 Debian-Redes sshd[54736]: pam_unix(sshd:auth): authentication failure; logname= uid=0 euid=0 tty=ssh ruser= rhost=61.177.173.37  user=root
Apr 30 07:00:39 Debian-Redes sshd[54736]: Failed password for root from 61.177.173.37 port 43987 ssh2
Apr 30 07:00:40 Debian-Redes sshd[54738]: error: kex_exchange_identification: Connection closed by remote host
Apr 30 07:00:40 Debian-Redes sshd[54738]: Connection closed by 45.235.6.58 port 38326
Apr 30 07:00:41 Debian-Redes sshd[732]: error: beginning MaxStartups throttling
Apr 30 07:00:41 Debian-Redes sshd[732]: drop connection #13 from [45.235.6.58]:38448 on [10.0.0.4]:22 past MaxStartups
Apr 30 07:00:41 Debian-Redes sshd[54736]: Failed password for root from 61.177.173.37 port 43987 ssh2
Apr 30 07:00:42 Debian-Redes sshd[54749]: Invalid user moxa from 45.235.6.58 port 38442
Apr 30 07:00:42 Debian-Redes sshd[54751]: Invalid user es from 45.235.6.58 port 38648
Apr 30 07:00:42 Debian-Redes sshd[54750]: Invalid user ansadmin from 45.235.6.58 port 38358
Apr 30 07:00:42 Debian-Redes sshd[54744]: Invalid user test from 45.235.6.58 port 38598
Apr 30 07:00:42 Debian-Redes sshd[54745]: Invalid user devops from 45.235.6.58 port 38620
Apr 30 07:00:42 Debian-Redes sshd[54742]: Invalid user pi from 45.235.6.58 port 38482
Apr 30 07:00:42 Debian-Redes sshd[54740]: Invalid user test from 45.235.6.58 port 38644
Apr 30 07:00:42 Debian-Redes sshd[54753]: Invalid user orangepi from 45.235.6.58 port 38382
Apr 30 07:00:42 Debian-Redes sshd[54755]: Invalid user telnet from 45.235.6.58 port 38676
Apr 30 07:00:42 Debian-Redes sshd[54752]: Invalid user Admin from 45.235.6.58 port 38472
Apr 30 07:00:42 Debian-Redes sshd[54760]: Invalid user postgres from 45.235.6.58 port 38586
Apr 30 07:00:42 Debian-Redes sshd[54758]: Invalid user pi from 45.235.6.58 port 38464
Apr 30 07:00:42 Debian-Redes sshd[54763]: Invalid user craft from 45.235.6.58 port 38602
Apr 30 07:00:42 Debian-Redes sshd[54748]: Invalid user telnet from 45.235.6.58 port 38460
Apr 30 07:00:42 Debian-Redes sshd[54759]: Invalid user pi from 45.235.6.58 port 38430
Apr 30 07:00:42 Debian-Redes sshd[54747]: Invalid user zjw from 45.235.6.58 port 38630
Apr 30 07:00:42 Debian-Redes sshd[54754]: Invalid user devops from 45.235.6.58 port 38400
Apr 30 07:00:42 Debian-Redes sshd[54766]: Invalid user oracle from 45.235.6.58 port 38634
Apr 30 07:00:42 Debian-Redes sshd[54764]: Invalid user yura from 45.235.6.58 port 38532
Apr 30 07:00:42 Debian-Redes sshd[54765]: Invalid user pi from 45.235.6.58 port 38338
Apr 30 07:00:42 Debian-Redes sshd[54767]: Invalid user logger from 45.235.6.58 port 38366
Apr 30 07:00:42 Debian-Redes sshd[54757]: Invalid user admin from 45.235.6.58 port 38636
Apr 30 07:00:42 Debian-Redes sshd[54756]: Invalid user ubnt from 45.235.6.58 port 38514
Apr 30 07:00:42 Debian-Redes sshd[54746]: Invalid user teste from 45.235.6.58 port 38652
Apr 30 07:00:42 Debian-Redes sshd[54761]: Invalid user es from 45.235.6.58 port 38626
Apr 30 07:00:42 Debian-Redes sshd[54741]: Invalid user jenkins from 45.235.6.58 port 38560
Apr 30 07:00:42 Debian-Redes sshd[54743]: Invalid user vagrant from 45.235.6.58 port 38612
Apr 30 07:00:43 Debian-Redes sshd[54749]: pam_unix(sshd:auth): check pass; user unknown
Apr 30 07:00:43 Debian-Redes sshd[54749]: pam_unix(sshd:auth): authentication failure; logname= uid=0 euid=0 tty=ssh ruser= rhost=45.235.6.58 
Apr 30 07:00:43 Debian-Redes sshd[54751]: pam_unix(sshd:auth): check pass; user unknown
Apr 30 07:00:43 Debian-Redes sshd[54751]: pam_unix(sshd:auth): authentication failure; logname= uid=0 euid=0 tty=ssh ruser= rhost=45.235.6.58 
Apr 30 07:00:43 Debian-Redes sshd[54750]: pam_unix(sshd:auth): check pass; user unknown
Apr 30 07:00:43 Debian-Redes sshd[54750]: pam_unix(sshd:auth): authentication failure; logname= uid=0 euid=0 tty=ssh ruser= rhost=45.235.6.58 
Apr 30 07:00:43 Debian-Redes sshd[54739]: pam_unix(sshd:auth): authentication failure; logname= uid=0 euid=0 tty=ssh ruser= rhost=45.235.6.58  user=root
Apr 30 07:00:43 Debian-Redes sshd[54744]: pam_unix(sshd:auth): check pass; user unknown
Apr 30 07:00:43 Debian-Redes sshd[54744]: pam_unix(sshd:auth): authentication failure; logname= uid=0 euid=0 tty=ssh ruser= rhost=45.235.6.58 
Apr 30 07:00:43 Debian-Redes sshd[54745]: pam_unix(sshd:auth): check pass; user unknown
Apr 30 07:00:43 Debian-Redes sshd[54745]: pam_unix(sshd:auth): authentication failure; logname= uid=0 euid=0 tty=ssh ruser= rhost=45.235.6.58 
Apr 30 07:00:43 Debian-Redes sshd[54752]: pam_unix(sshd:auth): check pass; user unknown
Apr 30 07:00:43 Debian-Redes sshd[54752]: pam_unix(sshd:auth): authentication failure; logname= uid=0 euid=0 tty=ssh ruser= rhost=45.235.6.58 
Apr 30 07:00:43 Debian-Redes sshd[54743]: pam_unix(sshd:auth): check pass; user unknown
Apr 30 07:00:43 Debian-Redes sshd[54743]: pam_unix(sshd:auth): authentication failure; logname= uid=0 euid=0 tty=ssh ruser= rhost=45.235.6.58 
Apr 30 07:00:43 Debian-Redes sshd[54740]: pam_unix(sshd:auth): check pass; user unknown
Apr 30 07:00:43 Debian-Redes sshd[54740]: pam_unix(sshd:auth): authentication failure; logname= uid=0 euid=0 tty=ssh ruser= rhost=45.235.6.58 
Apr 30 07:00:43 Debian-Redes sshd[54741]: pam_unix(sshd:auth): check pass; user unknown
Apr 30 07:00:43 Debian-Redes sshd[54741]: pam_unix(sshd:auth): authentication failure; logname= uid=0 euid=0 tty=ssh ruser= rhost=45.235.6.58 
Apr 30 07:00:43 Debian-Redes sshd[54746]: pam_unix(sshd:auth): check pass; user unknown
Apr 30 07:00:43 Debian-Redes sshd[54746]: pam_unix(sshd:auth): authentication failure; logname= uid=0 euid=0 tty=ssh ruser= rhost=45.235.6.58 
Apr 30 07:00:43 Debian-Redes sshd[54742]: pam_unix(sshd:auth): check pass; user unknown
Apr 30 07:00:43 Debian-Redes sshd[54742]: pam_unix(sshd:auth): authentication failure; logname= uid=0 euid=0 tty=ssh ruser= rhost=45.235.6.58 
Apr 30 07:00:43 Debian-Redes sshd[54753]: pam_unix(sshd:auth): check pass; user unknown
Apr 30 07:00:43 Debian-Redes sshd[54753]: pam_unix(sshd:auth): authentication failure; logname= uid=0 euid=0 tty=ssh ruser= rhost=45.235.6.58 
Apr 30 07:00:43 Debian-Redes sshd[54758]: pam_unix(sshd:auth): check pass; user unknown
Apr 30 07:00:43 Debian-Redes sshd[54758]: pam_unix(sshd:auth): authentication failure; logname= uid=0 euid=0 tty=ssh ruser= rhost=45.235.6.58 
Apr 30 07:00:43 Debian-Redes sshd[54754]: pam_unix(sshd:auth): check pass; user unknown
Apr 30 07:00:43 Debian-Redes sshd[54754]: pam_unix(sshd:auth): authentication failure; logname= uid=0 euid=0 tty=ssh ruser= rhost=45.235.6.58 
Apr 30 07:00:43 Debian-Redes sshd[54747]: pam_unix(sshd:auth): check pass; user unknown
Apr 30 07:00:43 Debian-Redes sshd[54747]: pam_unix(sshd:auth): authentication failure; logname= uid=0 euid=0 tty=ssh ruser= rhost=45.235.6.58 
Apr 30 07:00:43 Debian-Redes sshd[54748]: pam_unix(sshd:auth): check pass; user unknown
Apr 30 07:00:43 Debian-Redes sshd[54748]: pam_unix(sshd:auth): authentication failure; logname= uid=0 euid=0 tty=ssh ruser= rhost=45.235.6.58 
Apr 30 07:00:43 Debian-Redes sshd[54762]: pam_unix(sshd:auth): authentication failure; logname= uid=0 euid=0 tty=ssh ruser= rhost=45.235.6.58  user=root
Apr 30 07:00:43 Debian-Redes sshd[54763]: pam_unix(sshd:auth): check pass; user unknown
Apr 30 07:00:43 Debian-Redes sshd[54763]: pam_unix(sshd:auth): authentication failure; logname= uid=0 euid=0 tty=ssh ruser= rhost=45.235.6.58 
Apr 30 07:00:43 Debian-Redes sshd[54764]: pam_unix(sshd:auth): check pass; user unknown
Apr 30 07:00:43 Debian-Redes sshd[54764]: pam_unix(sshd:auth): authentication failure; logname= uid=0 euid=0 tty=ssh ruser= rhost=45.235.6.58 
Apr 30 07:00:43 Debian-Redes sshd[54766]: pam_unix(sshd:auth): check pass; user unknown
Apr 30 07:00:43 Debian-Redes sshd[54766]: pam_unix(sshd:auth): authentication failure; logname= uid=0 euid=0 tty=ssh ruser= rhost=45.235.6.58 
Apr 30 07:00:43 Debian-Redes sshd[54765]: pam_unix(sshd:auth): check pass; user unknown
Apr 30 07:00:43 Debian-Redes sshd[54765]: pam_unix(sshd:auth): authentication failure; logname= uid=0 euid=0 tty=ssh ruser= rhost=45.235.6.58 
Apr 30 07:00:43 Debian-Redes sshd[54761]: pam_unix(sshd:auth): check pass; user unknown
Apr 30 07:00:43 Debian-Redes sshd[54761]: pam_unix(sshd:auth): authentication failure; logname= uid=0 euid=0 tty=ssh ruser= rhost=45.235.6.58 
Apr 30 07:00:43 Debian-Redes sshd[54757]: pam_unix(sshd:auth): check pass; user unknown
Apr 30 07:00:43 Debian-Redes sshd[54757]: pam_unix(sshd:auth): authentication failure; logname= uid=0 euid=0 tty=ssh ruser= rhost=45.235.6.58 
Apr 30 07:00:43 Debian-Redes sshd[54759]: pam_unix(sshd:auth): check pass; user unknown
Apr 30 07:00:43 Debian-Redes sshd[54759]: pam_unix(sshd:auth): authentication failure; logname= uid=0 euid=0 tty=ssh ruser= rhost=45.235.6.58 
Apr 30 07:00:43 Debian-Redes sshd[54756]: pam_unix(sshd:auth): check pass; user unknown
Apr 30 07:00:43 Debian-Redes sshd[54756]: pam_unix(sshd:auth): authentication failure; logname= uid=0 euid=0 tty=ssh ruser= rhost=45.235.6.58 
Apr 30 07:00:43 Debian-Redes sshd[54767]: pam_unix(sshd:auth): check pass; user unknown
Apr 30 07:00:43 Debian-Redes sshd[54767]: pam_unix(sshd:auth): authentication failure; logname= uid=0 euid=0 tty=ssh ruser= rhost=45.235.6.58 
Apr 30 07:00:43 Debian-Redes sshd[54760]: pam_unix(sshd:auth): check pass; user unknown
Apr 30 07:00:43 Debian-Redes sshd[54760]: pam_unix(sshd:auth): authentication failure; logname= uid=0 euid=0 tty=ssh ruser= rhost=45.235.6.58 
Apr 30 07:00:43 Debian-Redes sshd[54755]: pam_unix(sshd:auth): check pass; user unknown
Apr 30 07:00:43 Debian-Redes sshd[54755]: pam_unix(sshd:auth): authentication failure; logname= uid=0 euid=0 tty=ssh ruser= rhost=45.235.6.58 
Apr 30 07:00:44 Debian-Redes sshd[54736]: Failed password for root from 61.177.173.37 port 43987 ssh2
Apr 30 07:00:44 Debian-Redes sshd[54749]: Failed password for invalid user moxa from 45.235.6.58 port 38442 ssh2
Apr 30 07:00:44 Debian-Redes sshd[54751]: Failed password for invalid user es from 45.235.6.58 port 38648 ssh2
Apr 30 07:00:44 Debian-Redes sshd[54750]: Failed password for invalid user ansadmin from 45.235.6.58 port 38358 ssh2
Apr 30 07:00:44 Debian-Redes sshd[54739]: Failed password for root from 45.235.6.58 port 38502 ssh2
Apr 30 07:00:45 Debian-Redes sshd[54744]: Failed password for invalid user test from 45.235.6.58 port 38598 ssh2
Apr 30 07:00:45 Debian-Redes sshd[54745]: Failed password for invalid user devops from 45.235.6.58 port 38620 ssh2
Apr 30 07:00:45 Debian-Redes sshd[54752]: Failed password for invalid user Admin from 45.235.6.58 port 38472 ssh2
Apr 30 07:00:45 Debian-Redes sshd[54743]: Failed password for invalid user vagrant from 45.235.6.58 port 38612 ssh2
Apr 30 07:00:45 Debian-Redes sshd[54740]: Failed password for invalid user test from 45.235.6.58 port 38644 ssh2
Apr 30 07:00:45 Debian-Redes sshd[54741]: Failed password for invalid user jenkins from 45.235.6.58 port 38560 ssh2
Apr 30 07:00:45 Debian-Redes sshd[54746]: Failed password for invalid user teste from 45.235.6.58 port 38652 ssh2
Apr 30 07:00:45 Debian-Redes sshd[54742]: Failed password for invalid user pi from 45.235.6.58 port 38482 ssh2
Apr 30 07:00:45 Debian-Redes sshd[54753]: Failed password for invalid user orangepi from 45.235.6.58 port 38382 ssh2
Apr 30 07:00:45 Debian-Redes sshd[54758]: Failed password for invalid user pi from 45.235.6.58 port 38464 ssh2
Apr 30 07:00:45 Debian-Redes sshd[54754]: Failed password for invalid user devops from 45.235.6.58 port 38400 ssh2
Apr 30 07:00:45 Debian-Redes sshd[54747]: Failed password for invalid user zjw from 45.235.6.58 port 38630 ssh2
Apr 30 07:00:45 Debian-Redes sshd[54748]: Failed password for invalid user telnet from 45.235.6.58 port 38460 ssh2
Apr 30 07:00:45 Debian-Redes sshd[54762]: Failed password for root from 45.235.6.58 port 38334 ssh2
Apr 30 07:00:45 Debian-Redes sshd[54763]: Failed password for invalid user craft from 45.235.6.58 port 38602 ssh2
Apr 30 07:00:45 Debian-Redes sshd[54764]: Failed password for invalid user yura from 45.235.6.58 port 38532 ssh2
Apr 30 07:00:45 Debian-Redes sshd[54766]: Failed password for invalid user oracle from 45.235.6.58 port 38634 ssh2
Apr 30 07:00:45 Debian-Redes sshd[54765]: Failed password for invalid user pi from 45.235.6.58 port 38338 ssh2
Apr 30 07:00:45 Debian-Redes sshd[54761]: Failed password for invalid user es from 45.235.6.58 port 38626 ssh2
Apr 30 07:00:45 Debian-Redes sshd[54757]: Failed password for invalid user admin from 45.235.6.58 port 38636 ssh2
Apr 30 07:00:45 Debian-Redes sshd[54759]: Failed password for invalid user pi from 45.235.6.58 port 38430 ssh2
Apr 30 07:00:45 Debian-Redes sshd[54756]: Failed password for invalid user ubnt from 45.235.6.58 port 38514 ssh2
Apr 30 07:00:45 Debian-Redes sshd[54767]: Failed password for invalid user logger from 45.235.6.58 port 38366 ssh2
Apr 30 07:00:45 Debian-Redes sshd[54760]: Failed password for invalid user postgres from 45.235.6.58 port 38586 ssh2
Apr 30 07:00:45 Debian-Redes sshd[54755]: Failed password for invalid user telnet from 45.235.6.58 port 38676 ssh2
Apr 30 07:00:45 Debian-Redes sshd[54751]: Connection closed by invalid user es 45.235.6.58 port 38648 [preauth]
Apr 30 07:00:45 Debian-Redes sshd[54736]: Received disconnect from 61.177.173.37 port 43987:11:  [preauth]
Apr 30 07:00:45 Debian-Redes sshd[54736]: Disconnected from authenticating user root 61.177.173.37 port 43987 [preauth]
Apr 30 07:00:45 Debian-Redes sshd[54736]: PAM 2 more authentication failures; logname= uid=0 euid=0 tty=ssh ruser= rhost=61.177.173.37  user=root
Apr 30 07:00:45 Debian-Redes sshd[54744]: Connection closed by invalid user test 45.235.6.58 port 38598 [preauth]
Apr 30 07:00:45 Debian-Redes sshd[54740]: Connection closed by invalid user test 45.235.6.58 port 38644 [preauth]
Apr 30 07:00:45 Debian-Redes sshd[54761]: Connection closed by invalid user es 45.235.6.58 port 38626 [preauth]
Apr 30 07:00:45 Debian-Redes sshd[54760]: Connection closed by invalid user postgres 45.235.6.58 port 38586 [preauth]
Apr 30 07:00:45 Debian-Redes sshd[54747]: Connection closed by invalid user zjw 45.235.6.58 port 38630 [preauth]
Apr 30 07:00:46 Debian-Redes sshd[54739]: Connection closed by authenticating user root 45.235.6.58 port 38502 [preauth]
Apr 30 07:00:46 Debian-Redes sshd[54766]: Connection closed by invalid user oracle 45.235.6.58 port 38634 [preauth]
Apr 30 07:00:46 Debian-Redes sshd[54748]: Connection closed by invalid user telnet 45.235.6.58 port 38460 [preauth]
Apr 30 07:00:46 Debian-Redes sshd[54749]: Connection closed by invalid user moxa 45.235.6.58 port 38442 [preauth]
Apr 30 07:00:46 Debian-Redes sshd[54763]: Connection closed by invalid user craft 45.235.6.58 port 38602 [preauth]
Apr 30 07:00:46 Debian-Redes sshd[54762]: Connection reset by authenticating user root 45.235.6.58 port 38334 [preauth]
Apr 30 07:00:46 Debian-Redes sshd[54743]: Connection closed by invalid user vagrant 45.235.6.58 port 38612 [preauth]
Apr 30 07:00:46 Debian-Redes sshd[54753]: Connection closed by invalid user orangepi 45.235.6.58 port 38382 [preauth]
Apr 30 07:00:46 Debian-Redes sshd[54742]: Connection closed by invalid user pi 45.235.6.58 port 38482 [preauth]
Apr 30 07:00:46 Debian-Redes sshd[54758]: Connection closed by invalid user pi 45.235.6.58 port 38464 [preauth]
Apr 30 07:00:46 Debian-Redes sshd[54765]: Connection closed by invalid user pi 45.235.6.58 port 38338 [preauth]
Apr 30 07:00:46 Debian-Redes sshd[54759]: Connection closed by invalid user pi 45.235.6.58 port 38430 [preauth]
Apr 30 07:00:46 Debian-Redes sshd[54755]: Connection closed by invalid user telnet 45.235.6.58 port 38676 [preauth]
Apr 30 07:00:46 Debian-Redes sshd[54756]: Connection closed by invalid user ubnt 45.235.6.58 port 38514 [preauth]
Apr 30 07:00:46 Debian-Redes sshd[54767]: Connection closed by invalid user logger 45.235.6.58 port 38366 [preauth]
Apr 30 07:00:46 Debian-Redes sshd[732]: exited MaxStartups throttling after 00:00:05, 13 connections dropped
Apr 30 07:00:46 Debian-Redes sshd[54764]: Connection closed by invalid user yura 45.235.6.58 port 38532 [preauth]
Apr 30 07:00:46 Debian-Redes sshd[54750]: Connection closed by invalid user ansadmin 45.235.6.58 port 38358 [preauth]
Apr 30 07:00:46 Debian-Redes sshd[54746]: Connection closed by invalid user teste 45.235.6.58 port 38652 [preauth]
Apr 30 07:00:46 Debian-Redes sshd[54752]: Connection closed by invalid user Admin 45.235.6.58 port 38472 [preauth]
Apr 30 07:00:46 Debian-Redes sshd[54757]: Connection closed by invalid user admin 45.235.6.58 port 38636 [preauth]
Apr 30 07:00:46 Debian-Redes sshd[54745]: Connection closed by invalid user devops 45.235.6.58 port 38620 [preauth]
Apr 30 07:00:46 Debian-Redes sshd[54754]: Connection closed by invalid user devops 45.235.6.58 port 38400 [preauth]
Apr 30 07:00:46 Debian-Redes sshd[54741]: Connection closed by invalid user jenkins 45.235.6.58 port 38560 [preauth]
Apr 30 07:00:47 Debian-Redes sshd[54797]: pam_unix(sshd:auth): authentication failure; logname= uid=0 euid=0 tty=ssh ruser= rhost=61.177.173.37  user=root
Apr 30 07:00:49 Debian-Redes sshd[54797]: Failed password for root from 61.177.173.37 port 21897 ssh2
Apr 30 07:00:51 Debian-Redes sshd[54799]: pam_unix(sshd:auth): authentication failure; logname= uid=0 euid=0 tty=ssh ruser= rhost=61.177.172.19  user=root
Apr 30 07:00:52 Debian-Redes sshd[54797]: Failed password for root from 61.177.173.37 port 21897 ssh2
Apr 30 07:00:53 Debian-Redes sshd[54799]: Failed password for root from 61.177.172.19 port 52449 ssh2
Apr 30 07:00:55 Debian-Redes sshd[54797]: Failed password for root from 61.177.173.37 port 21897 ssh2
Apr 30 07:00:55 Debian-Redes sshd[54797]: Received disconnect from 61.177.173.37 port 21897:11:  [preauth]
Apr 30 07:00:55 Debian-Redes sshd[54797]: Disconnected from authenticating user root 61.177.173.37 port 21897 [preauth]
Apr 30 07:00:55 Debian-Redes sshd[54797]: PAM 2 more authentication failures; logname= uid=0 euid=0 tty=ssh ruser= rhost=61.177.173.37  user=root
Apr 30 07:00:56 Debian-Redes sshd[54799]: Failed password for root from 61.177.172.19 port 52449 ssh2
Apr 30 07:00:57 Debian-Redes sshd[54801]: pam_unix(sshd:auth): authentication failure; logname= uid=0 euid=0 tty=ssh ruser= rhost=61.177.173.37  user=root
Apr 30 07:00:59 Debian-Redes sshd[54801]: Failed password for root from 61.177.173.37 port 42506 ssh2
Apr 30 07:00:59 Debian-Redes sshd[54799]: Failed password for root from 61.177.172.19 port 52449 ssh2
Apr 30 07:01:00 Debian-Redes sshd[54799]: Received disconnect from 61.177.172.19 port 52449:11:  [preauth]
Apr 30 07:01:00 Debian-Redes sshd[54799]: Disconnected from authenticating user root 61.177.172.19 port 52449 [preauth]
Apr 30 07:01:00 Debian-Redes sshd[54799]: PAM 2 more authentication failures; logname= uid=0 euid=0 tty=ssh ruser= rhost=61.177.172.19  user=root
Apr 30 07:01:01 Debian-Redes sshd[54803]: pam_unix(sshd:auth): authentication failure; logname= uid=0 euid=0 tty=ssh ruser= rhost=61.177.172.19  user=root
Apr 30 07:01:02 Debian-Redes sshd[54801]: Failed password for root from 61.177.173.37 port 42506 ssh2
Apr 30 07:01:03 Debian-Redes sshd[54803]: Failed password for root from 61.177.172.19 port 22129 ssh2
Apr 30 07:01:05 Debian-Redes sshd[54801]: Failed password for root from 61.177.173.37 port 42506 ssh2
Apr 30 07:01:05 Debian-Redes sshd[54801]: Received disconnect from 61.177.173.37 port 42506:11:  [preauth]
Apr 30 07:01:05 Debian-Redes sshd[54801]: Disconnected from authenticating user root 61.177.173.37 port 42506 [preauth]
Apr 30 07:01:05 Debian-Redes sshd[54801]: PAM 2 more authentication failures; logname= uid=0 euid=0 tty=ssh ruser= rhost=61.177.173.37  user=root
Apr 30 07:01:05 Debian-Redes sshd[54803]: Failed password for root from 61.177.172.19 port 22129 ssh2
Apr 30 07:01:08 Debian-Redes sshd[54803]: Failed password for root from 61.177.172.19 port 22129 ssh2
Apr 30 07:01:09 Debian-Redes sshd[54803]: Received disconnect from 61.177.172.19 port 22129:11:  [preauth]
Apr 30 07:01:09 Debian-Redes sshd[54803]: Disconnected from authenticating user root 61.177.172.19 port 22129 [preauth]
Apr 30 07:01:09 Debian-Redes sshd[54803]: PAM 2 more authentication failures; logname= uid=0 euid=0 tty=ssh ruser= rhost=61.177.172.19  user=root
Apr 30 07:03:11 Debian-Redes sshd[54823]: pam_unix(sshd:auth): authentication failure; logname= uid=0 euid=0 tty=ssh ruser= rhost=218.92.0.99  user=root
Apr 30 07:03:13 Debian-Redes sshd[54823]: Failed password for root from 218.92.0.99 port 59564 ssh2
Apr 30 07:03:16 Debian-Redes sshd[54823]: Failed password for root from 218.92.0.99 port 59564 ssh2
Apr 30 07:03:18 Debian-Redes sshd[54823]: Failed password for root from 218.92.0.99 port 59564 ssh2
Apr 30 07:03:19 Debian-Redes sshd[54823]: Received disconnect from 218.92.0.99 port 59564:11:  [preauth]
Apr 30 07:03:19 Debian-Redes sshd[54823]: Disconnected from authenticating user root 218.92.0.99 port 59564 [preauth]
Apr 30 07:03:19 Debian-Redes sshd[54823]: PAM 2 more authentication failures; logname= uid=0 euid=0 tty=ssh ruser= rhost=218.92.0.99  user=root
Apr 30 07:03:21 Debian-Redes sshd[54825]: pam_unix(sshd:auth): authentication failure; logname= uid=0 euid=0 tty=ssh ruser= rhost=218.92.0.99  user=root
Apr 30 07:03:23 Debian-Redes sshd[54825]: Failed password for root from 218.92.0.99 port 24326 ssh2
Apr 30 07:03:26 Debian-Redes sshd[54825]: Failed password for root from 218.92.0.99 port 24326 ssh2
Apr 30 07:03:29 Debian-Redes sshd[54825]: Failed password for root from 218.92.0.99 port 24326 ssh2
Apr 30 07:03:29 Debian-Redes sshd[54825]: Received disconnect from 218.92.0.99 port 24326:11:  [preauth]
Apr 30 07:03:29 Debian-Redes sshd[54825]: Disconnected from authenticating user root 218.92.0.99 port 24326 [preauth]
Apr 30 07:03:29 Debian-Redes sshd[54825]: PAM 2 more authentication failures; logname= uid=0 euid=0 tty=ssh ruser= rhost=218.92.0.99  user=root
Apr 30 07:03:30 Debian-Redes sshd[54827]: pam_unix(sshd:auth): authentication failure; logname= uid=0 euid=0 tty=ssh ruser= rhost=218.92.0.99  user=root
Apr 30 07:03:33 Debian-Redes sshd[54827]: Failed password for root from 218.92.0.99 port 51371 ssh2
Apr 30 07:03:35 Debian-Redes sshd[54827]: Failed password for root from 218.92.0.99 port 51371 ssh2
Apr 30 07:03:38 Debian-Redes sshd[54827]: Failed password for root from 218.92.0.99 port 51371 ssh2
Apr 30 07:03:39 Debian-Redes sshd[54827]: Received disconnect from 218.92.0.99 port 51371:11:  [preauth]
Apr 30 07:03:39 Debian-Redes sshd[54827]: Disconnected from authenticating user root 218.92.0.99 port 51371 [preauth]
Apr 30 07:03:39 Debian-Redes sshd[54827]: PAM 2 more authentication failures; logname= uid=0 euid=0 tty=ssh ruser= rhost=218.92.0.99  user=root
Apr 30 07:05:18 Debian-Redes sshd[54843]: error: kex_exchange_identification: Connection closed by remote host
Apr 30 07:05:18 Debian-Redes sshd[54843]: Connection closed by 14.29.218.130 port 44738
Apr 30 07:05:24 Debian-Redes sshd[732]: error: beginning MaxStartups throttling
Apr 30 07:05:24 Debian-Redes sshd[732]: drop connection #12 from [14.29.218.130]:51336 on [10.0.0.4]:22 past MaxStartups
Apr 30 07:06:49 Debian-Redes sshd[54889]: pam_unix(sshd:auth): authentication failure; logname= uid=0 euid=0 tty=ssh ruser= rhost=180.101.88.248  user=root
Apr 30 07:06:51 Debian-Redes sshd[54889]: Failed password for root from 180.101.88.248 port 21302 ssh2
Apr 30 07:06:53 Debian-Redes sshd[54889]: Failed password for root from 180.101.88.248 port 21302 ssh2
Apr 30 07:06:57 Debian-Redes sshd[54889]: Failed password for root from 180.101.88.248 port 21302 ssh2
Apr 30 07:06:58 Debian-Redes sshd[54889]: Received disconnect from 180.101.88.248 port 21302:11:  [preauth]
Apr 30 07:06:58 Debian-Redes sshd[54889]: Disconnected from authenticating user root 180.101.88.248 port 21302 [preauth]
Apr 30 07:06:58 Debian-Redes sshd[54889]: PAM 2 more authentication failures; logname= uid=0 euid=0 tty=ssh ruser= rhost=180.101.88.248  user=root
Apr 30 07:07:03 Debian-Redes sshd[54891]: pam_unix(sshd:auth): authentication failure; logname= uid=0 euid=0 tty=ssh ruser= rhost=180.101.88.248  user=root
Apr 30 07:07:05 Debian-Redes sshd[54891]: Failed password for root from 180.101.88.248 port 26037 ssh2
Apr 30 07:07:07 Debian-Redes sshd[54891]: Failed password for root from 180.101.88.248 port 26037 ssh2
Apr 30 07:07:11 Debian-Redes sshd[54891]: Failed password for root from 180.101.88.248 port 26037 ssh2
Apr 30 07:07:12 Debian-Redes sshd[54891]: Received disconnect from 180.101.88.248 port 26037:11:  [preauth]
Apr 30 07:07:12 Debian-Redes sshd[54891]: Disconnected from authenticating user root 180.101.88.248 port 26037 [preauth]
Apr 30 07:07:12 Debian-Redes sshd[54891]: PAM 2 more authentication failures; logname= uid=0 euid=0 tty=ssh ruser= rhost=180.101.88.248  user=root
Apr 30 07:07:13 Debian-Redes sshd[54899]: pam_unix(sshd:auth): authentication failure; logname= uid=0 euid=0 tty=ssh ruser= rhost=180.101.88.248  user=root
Apr 30 07:07:15 Debian-Redes sshd[54899]: Failed password for root from 180.101.88.248 port 61588 ssh2
Apr 30 07:07:18 Debian-Redes sshd[54899]: Failed password for root from 180.101.88.248 port 61588 ssh2
Apr 30 07:07:20 Debian-Redes sshd[54899]: Failed password for root from 180.101.88.248 port 61588 ssh2
Apr 30 07:07:22 Debian-Redes sshd[54899]: Received disconnect from 180.101.88.248 port 61588:11:  [preauth]
Apr 30 07:07:22 Debian-Redes sshd[54899]: Disconnected from authenticating user root 180.101.88.248 port 61588 [preauth]
Apr 30 07:07:22 Debian-Redes sshd[54899]: PAM 2 more authentication failures; logname= uid=0 euid=0 tty=ssh ruser= rhost=180.101.88.248  user=root
Apr 30 07:07:24 Debian-Redes sshd[54901]: pam_unix(sshd:auth): authentication failure; logname= uid=0 euid=0 tty=ssh ruser= rhost=180.101.88.248  user=root
Apr 30 07:07:26 Debian-Redes sshd[54901]: Failed password for root from 180.101.88.248 port 23346 ssh2
Apr 30 07:07:29 Debian-Redes sshd[54901]: Failed password for root from 180.101.88.248 port 23346 ssh2
Apr 30 07:07:31 Debian-Redes sshd[54901]: Failed password for root from 180.101.88.248 port 23346 ssh2
Apr 30 07:07:33 Debian-Redes sshd[54901]: Received disconnect from 180.101.88.248 port 23346:11:  [preauth]
Apr 30 07:07:33 Debian-Redes sshd[54901]: Disconnected from authenticating user root 180.101.88.248 port 23346 [preauth]
Apr 30 07:07:33 Debian-Redes sshd[54901]: PAM 2 more authentication failures; logname= uid=0 euid=0 tty=ssh ruser= rhost=180.101.88.248  user=root
Apr 30 07:07:33 Debian-Redes sshd[732]: exited MaxStartups throttling after 00:02:09, 10 connections dropped
Apr 30 07:07:35 Debian-Redes sshd[54903]: pam_unix(sshd:auth): authentication failure; logname= uid=0 euid=0 tty=ssh ruser= rhost=180.101.88.248  user=root
Apr 30 07:07:36 Debian-Redes sshd[54903]: Failed password for root from 180.101.88.248 port 36285 ssh2
Apr 30 07:07:40 Debian-Redes sshd[54903]: Failed password for root from 180.101.88.248 port 36285 ssh2
Apr 30 07:07:42 Debian-Redes sshd[54903]: Failed password for root from 180.101.88.248 port 36285 ssh2
Apr 30 07:07:45 Debian-Redes sshd[54903]: Received disconnect from 180.101.88.248 port 36285:11:  [preauth]
Apr 30 07:07:45 Debian-Redes sshd[54903]: Disconnected from authenticating user root 180.101.88.248 port 36285 [preauth]
Apr 30 07:07:45 Debian-Redes sshd[54903]: PAM 2 more authentication failures; logname= uid=0 euid=0 tty=ssh ruser= rhost=180.101.88.248  user=root
Apr 30 07:09:56 Debian-Redes sshd[54922]: pam_unix(sshd:auth): authentication failure; logname= uid=0 euid=0 tty=ssh ruser= rhost=61.177.173.47  user=root
Apr 30 07:09:59 Debian-Redes sshd[54922]: Failed password for root from 61.177.173.47 port 15068 ssh2
Apr 30 07:10:01 Debian-Redes sshd[54922]: Failed password for root from 61.177.173.47 port 15068 ssh2
Apr 30 07:10:04 Debian-Redes sshd[54922]: Failed password for root from 61.177.173.47 port 15068 ssh2
Apr 30 07:10:05 Debian-Redes sshd[54922]: Received disconnect from 61.177.173.47 port 15068:11:  [preauth]
Apr 30 07:10:05 Debian-Redes sshd[54922]: Disconnected from authenticating user root 61.177.173.47 port 15068 [preauth]
Apr 30 07:10:05 Debian-Redes sshd[54922]: PAM 2 more authentication failures; logname= uid=0 euid=0 tty=ssh ruser= rhost=61.177.173.47  user=root
Apr 30 07:10:06 Debian-Redes sshd[54924]: pam_unix(sshd:auth): authentication failure; logname= uid=0 euid=0 tty=ssh ruser= rhost=61.177.173.47  user=root
Apr 30 07:10:08 Debian-Redes sshd[54924]: Failed password for root from 61.177.173.47 port 27191 ssh2
Apr 30 07:10:11 Debian-Redes sshd[54924]: Failed password for root from 61.177.173.47 port 27191 ssh2
Apr 30 07:10:14 Debian-Redes sshd[54924]: Failed password for root from 61.177.173.47 port 27191 ssh2
Apr 30 07:10:15 Debian-Redes sshd[54924]: Received disconnect from 61.177.173.47 port 27191:11:  [preauth]
Apr 30 07:10:15 Debian-Redes sshd[54924]: Disconnected from authenticating user root 61.177.173.47 port 27191 [preauth]
Apr 30 07:10:15 Debian-Redes sshd[54924]: PAM 2 more authentication failures; logname= uid=0 euid=0 tty=ssh ruser= rhost=61.177.173.47  user=root
Apr 30 07:11:22 Debian-Redes sshd[54941]: Connection reset by 198.235.24.36 port 63446 [preauth]
Apr 30 07:14:58 Debian-Redes sshd[54962]: pam_unix(sshd:auth): authentication failure; logname= uid=0 euid=0 tty=ssh ruser= rhost=61.177.173.37  user=root
Apr 30 07:15:01 Debian-Redes sshd[54962]: Failed password for root from 61.177.173.37 port 53497 ssh2
Apr 30 07:15:03 Debian-Redes sshd[54962]: Failed password for root from 61.177.173.37 port 53497 ssh2
Apr 30 07:15:05 Debian-Redes sshd[54964]: pam_unix(sshd:auth): authentication failure; logname= uid=0 euid=0 tty=ssh ruser= rhost=218.92.0.99  user=root
Apr 30 07:15:06 Debian-Redes sshd[54962]: Failed password for root from 61.177.173.37 port 53497 ssh2
Apr 30 07:15:07 Debian-Redes sshd[54962]: Received disconnect from 61.177.173.37 port 53497:11:  [preauth]
Apr 30 07:15:07 Debian-Redes sshd[54962]: Disconnected from authenticating user root 61.177.173.37 port 53497 [preauth]
Apr 30 07:15:07 Debian-Redes sshd[54962]: PAM 2 more authentication failures; logname= uid=0 euid=0 tty=ssh ruser= rhost=61.177.173.37  user=root
Apr 30 07:15:08 Debian-Redes sshd[54964]: Failed password for root from 218.92.0.99 port 19888 ssh2
Apr 30 07:15:08 Debian-Redes sshd[54966]: pam_unix(sshd:auth): authentication failure; logname= uid=0 euid=0 tty=ssh ruser= rhost=61.177.173.37  user=root
Apr 30 07:15:10 Debian-Redes sshd[54966]: Failed password for root from 61.177.173.37 port 12303 ssh2
Apr 30 07:15:10 Debian-Redes sshd[54964]: Failed password for root from 218.92.0.99 port 19888 ssh2
Apr 30 07:15:12 Debian-Redes sshd[54966]: Failed password for root from 61.177.173.37 port 12303 ssh2
Apr 30 07:15:13 Debian-Redes sshd[54964]: Failed password for root from 218.92.0.99 port 19888 ssh2
Apr 30 07:15:14 Debian-Redes sshd[54964]: Received disconnect from 218.92.0.99 port 19888:11:  [preauth]
Apr 30 07:15:14 Debian-Redes sshd[54964]: Disconnected from authenticating user root 218.92.0.99 port 19888 [preauth]
Apr 30 07:15:14 Debian-Redes sshd[54964]: PAM 2 more authentication failures; logname= uid=0 euid=0 tty=ssh ruser= rhost=218.92.0.99  user=root
Apr 30 07:15:15 Debian-Redes sshd[54966]: Failed password for root from 61.177.173.37 port 12303 ssh2
Apr 30 07:15:15 Debian-Redes sshd[54974]: pam_unix(sshd:auth): authentication failure; logname= uid=0 euid=0 tty=ssh ruser= rhost=218.92.0.99  user=root
Apr 30 07:15:16 Debian-Redes sshd[54966]: Received disconnect from 61.177.173.37 port 12303:11:  [preauth]
Apr 30 07:15:16 Debian-Redes sshd[54966]: Disconnected from authenticating user root 61.177.173.37 port 12303 [preauth]
Apr 30 07:15:16 Debian-Redes sshd[54966]: PAM 2 more authentication failures; logname= uid=0 euid=0 tty=ssh ruser= rhost=61.177.173.37  user=root
Apr 30 07:15:18 Debian-Redes sshd[54976]: pam_unix(sshd:auth): authentication failure; logname= uid=0 euid=0 tty=ssh ruser= rhost=61.177.173.37  user=root
Apr 30 07:15:18 Debian-Redes sshd[54974]: Failed password for root from 218.92.0.99 port 30685 ssh2
Apr 30 07:15:20 Debian-Redes sshd[54976]: Failed password for root from 61.177.173.37 port 31584 ssh2
Apr 30 07:15:20 Debian-Redes sshd[54974]: Failed password for root from 218.92.0.99 port 30685 ssh2
Apr 30 07:15:22 Debian-Redes sshd[54976]: Failed password for root from 61.177.173.37 port 31584 ssh2
Apr 30 07:15:23 Debian-Redes sshd[54974]: Failed password for root from 218.92.0.99 port 30685 ssh2
Apr 30 07:15:24 Debian-Redes sshd[54974]: Received disconnect from 218.92.0.99 port 30685:11:  [preauth]
Apr 30 07:15:24 Debian-Redes sshd[54974]: Disconnected from authenticating user root 218.92.0.99 port 30685 [preauth]
Apr 30 07:15:24 Debian-Redes sshd[54974]: PAM 2 more authentication failures; logname= uid=0 euid=0 tty=ssh ruser= rhost=218.92.0.99  user=root
Apr 30 07:15:25 Debian-Redes sshd[54976]: Failed password for root from 61.177.173.37 port 31584 ssh2
Apr 30 07:15:25 Debian-Redes sshd[54978]: pam_unix(sshd:auth): authentication failure; logname= uid=0 euid=0 tty=ssh ruser= rhost=218.92.0.99  user=root
Apr 30 07:15:26 Debian-Redes sshd[54976]: Received disconnect from 61.177.173.37 port 31584:11:  [preauth]
Apr 30 07:15:26 Debian-Redes sshd[54976]: Disconnected from authenticating user root 61.177.173.37 port 31584 [preauth]
Apr 30 07:15:26 Debian-Redes sshd[54976]: PAM 2 more authentication failures; logname= uid=0 euid=0 tty=ssh ruser= rhost=61.177.173.37  user=root
Apr 30 07:15:27 Debian-Redes sshd[54978]: Failed password for root from 218.92.0.99 port 53854 ssh2
Apr 30 07:15:27 Debian-Redes sshd[54980]: pam_unix(sshd:auth): authentication failure; logname= uid=0 euid=0 tty=ssh ruser= rhost=61.177.173.37  user=root
Apr 30 07:15:30 Debian-Redes sshd[54980]: Failed password for root from 61.177.173.37 port 56295 ssh2
Apr 30 07:15:30 Debian-Redes sshd[54978]: Failed password for root from 218.92.0.99 port 53854 ssh2
Apr 30 07:15:32 Debian-Redes sshd[54980]: Failed password for root from 61.177.173.37 port 56295 ssh2
Apr 30 07:15:33 Debian-Redes sshd[54978]: Failed password for root from 218.92.0.99 port 53854 ssh2
Apr 30 07:15:33 Debian-Redes sshd[54978]: Received disconnect from 218.92.0.99 port 53854:11:  [preauth]
Apr 30 07:15:33 Debian-Redes sshd[54978]: Disconnected from authenticating user root 218.92.0.99 port 53854 [preauth]
Apr 30 07:15:33 Debian-Redes sshd[54978]: PAM 2 more authentication failures; logname= uid=0 euid=0 tty=ssh ruser= rhost=218.92.0.99  user=root
Apr 30 07:15:35 Debian-Redes sshd[54980]: Failed password for root from 61.177.173.37 port 56295 ssh2
Apr 30 07:15:36 Debian-Redes sshd[54980]: Received disconnect from 61.177.173.37 port 56295:11:  [preauth]
Apr 30 07:15:36 Debian-Redes sshd[54980]: Disconnected from authenticating user root 61.177.173.37 port 56295 [preauth]
Apr 30 07:15:36 Debian-Redes sshd[54980]: PAM 2 more authentication failures; logname= uid=0 euid=0 tty=ssh ruser= rhost=61.177.173.37  user=root
Apr 30 07:17:01 Debian-Redes CRON[54989]: pam_unix(cron:session): session opened for user root(uid=0) by (uid=0)
Apr 30 07:17:01 Debian-Redes CRON[54989]: pam_unix(cron:session): session closed for user root
Apr 30 07:19:03 Debian-Redes sshd[55006]: pam_unix(sshd:auth): authentication failure; logname= uid=0 euid=0 tty=ssh ruser= rhost=218.92.0.114  user=root
Apr 30 07:19:05 Debian-Redes sshd[55006]: Failed password for root from 218.92.0.114 port 35566 ssh2
Apr 30 07:19:08 Debian-Redes sshd[55006]: Failed password for root from 218.92.0.114 port 35566 ssh2
Apr 30 07:19:11 Debian-Redes sshd[55006]: Failed password for root from 218.92.0.114 port 35566 ssh2
Apr 30 07:19:11 Debian-Redes sshd[55006]: Received disconnect from 218.92.0.114 port 35566:11:  [preauth]
Apr 30 07:19:11 Debian-Redes sshd[55006]: Disconnected from authenticating user root 218.92.0.114 port 35566 [preauth]
Apr 30 07:19:11 Debian-Redes sshd[55006]: PAM 2 more authentication failures; logname= uid=0 euid=0 tty=ssh ruser= rhost=218.92.0.114  user=root
Apr 30 07:19:12 Debian-Redes sshd[55014]: pam_unix(sshd:auth): authentication failure; logname= uid=0 euid=0 tty=ssh ruser= rhost=218.92.0.114  user=root
Apr 30 07:19:14 Debian-Redes sshd[55014]: Failed password for root from 218.92.0.114 port 39321 ssh2
Apr 30 07:19:17 Debian-Redes sshd[55014]: Failed password for root from 218.92.0.114 port 39321 ssh2
Apr 30 07:19:20 Debian-Redes sshd[55014]: Failed password for root from 218.92.0.114 port 39321 ssh2
Apr 30 07:19:21 Debian-Redes sshd[55014]: Received disconnect from 218.92.0.114 port 39321:11:  [preauth]
Apr 30 07:19:21 Debian-Redes sshd[55014]: Disconnected from authenticating user root 218.92.0.114 port 39321 [preauth]
Apr 30 07:19:21 Debian-Redes sshd[55014]: PAM 2 more authentication failures; logname= uid=0 euid=0 tty=ssh ruser= rhost=218.92.0.114  user=root
Apr 30 07:23:45 Debian-Redes sshd[55042]: pam_unix(sshd:auth): authentication failure; logname= uid=0 euid=0 tty=ssh ruser= rhost=61.177.172.104  user=root
Apr 30 07:23:47 Debian-Redes sshd[55042]: Failed password for root from 61.177.172.104 port 34300 ssh2
Apr 30 07:23:51 Debian-Redes sshd[55042]: Failed password for root from 61.177.172.104 port 34300 ssh2
Apr 30 07:23:53 Debian-Redes sshd[55042]: Failed password for root from 61.177.172.104 port 34300 ssh2
Apr 30 07:23:54 Debian-Redes sshd[55042]: Received disconnect from 61.177.172.104 port 34300:11:  [preauth]
Apr 30 07:23:54 Debian-Redes sshd[55042]: Disconnected from authenticating user root 61.177.172.104 port 34300 [preauth]
Apr 30 07:23:54 Debian-Redes sshd[55042]: PAM 2 more authentication failures; logname= uid=0 euid=0 tty=ssh ruser= rhost=61.177.172.104  user=root
Apr 30 07:23:55 Debian-Redes sshd[55045]: pam_unix(sshd:auth): authentication failure; logname= uid=0 euid=0 tty=ssh ruser= rhost=61.177.172.104  user=root
Apr 30 07:23:57 Debian-Redes sshd[55045]: Failed password for root from 61.177.172.104 port 45491 ssh2
Apr 30 07:24:00 Debian-Redes sshd[55045]: Failed password for root from 61.177.172.104 port 45491 ssh2
Apr 30 07:24:03 Debian-Redes sshd[55045]: Failed password for root from 61.177.172.104 port 45491 ssh2
Apr 30 07:24:04 Debian-Redes sshd[55045]: Received disconnect from 61.177.172.104 port 45491:11:  [preauth]
Apr 30 07:24:04 Debian-Redes sshd[55045]: Disconnected from authenticating user root 61.177.172.104 port 45491 [preauth]
Apr 30 07:24:04 Debian-Redes sshd[55045]: PAM 2 more authentication failures; logname= uid=0 euid=0 tty=ssh ruser= rhost=61.177.172.104  user=root
Apr 30 07:24:05 Debian-Redes sshd[55047]: pam_unix(sshd:auth): authentication failure; logname= uid=0 euid=0 tty=ssh ruser= rhost=61.177.172.104  user=root
Apr 30 07:24:07 Debian-Redes sshd[55047]: Failed password for root from 61.177.172.104 port 62144 ssh2
Apr 30 07:24:09 Debian-Redes sshd[55047]: Failed password for root from 61.177.172.104 port 62144 ssh2
Apr 30 07:24:12 Debian-Redes sshd[55047]: Failed password for root from 61.177.172.104 port 62144 ssh2
Apr 30 07:24:13 Debian-Redes sshd[55047]: Received disconnect from 61.177.172.104 port 62144:11:  [preauth]
Apr 30 07:24:13 Debian-Redes sshd[55047]: Disconnected from authenticating user root 61.177.172.104 port 62144 [preauth]
Apr 30 07:24:13 Debian-Redes sshd[55047]: PAM 2 more authentication failures; logname= uid=0 euid=0 tty=ssh ruser= rhost=61.177.172.104  user=root
Apr 30 07:24:15 Debian-Redes sshd[55055]: pam_unix(sshd:auth): authentication failure; logname= uid=0 euid=0 tty=ssh ruser= rhost=61.177.172.104  user=root
Apr 30 07:24:16 Debian-Redes sshd[55055]: Failed password for root from 61.177.172.104 port 29808 ssh2
Apr 30 07:24:19 Debian-Redes sshd[55055]: Failed password for root from 61.177.172.104 port 29808 ssh2
Apr 30 07:24:22 Debian-Redes sshd[55055]: Failed password for root from 61.177.172.104 port 29808 ssh2
Apr 30 07:24:23 Debian-Redes sshd[55055]: Received disconnect from 61.177.172.104 port 29808:11:  [preauth]
Apr 30 07:24:23 Debian-Redes sshd[55055]: Disconnected from authenticating user root 61.177.172.104 port 29808 [preauth]
Apr 30 07:24:23 Debian-Redes sshd[55055]: PAM 2 more authentication failures; logname= uid=0 euid=0 tty=ssh ruser= rhost=61.177.172.104  user=root
Apr 30 07:24:24 Debian-Redes sshd[55057]: pam_unix(sshd:auth): authentication failure; logname= uid=0 euid=0 tty=ssh ruser= rhost=61.177.172.104  user=root
Apr 30 07:24:27 Debian-Redes sshd[55057]: Failed password for root from 61.177.172.104 port 51649 ssh2
Apr 30 07:24:29 Debian-Redes sshd[55057]: Failed password for root from 61.177.172.104 port 51649 ssh2
Apr 30 07:24:31 Debian-Redes sshd[55057]: Failed password for root from 61.177.172.104 port 51649 ssh2
Apr 30 07:24:33 Debian-Redes sshd[55057]: Received disconnect from 61.177.172.104 port 51649:11:  [preauth]
Apr 30 07:24:33 Debian-Redes sshd[55057]: Disconnected from authenticating user root 61.177.172.104 port 51649 [preauth]
Apr 30 07:24:33 Debian-Redes sshd[55057]: PAM 2 more authentication failures; logname= uid=0 euid=0 tty=ssh ruser= rhost=61.177.172.104  user=root
Apr 30 07:24:55 Debian-Redes sshd[55059]: pam_unix(sshd:auth): authentication failure; logname= uid=0 euid=0 tty=ssh ruser= rhost=180.101.88.243  user=root
Apr 30 07:24:56 Debian-Redes sshd[55059]: Failed password for root from 180.101.88.243 port 19158 ssh2
Apr 30 07:25:00 Debian-Redes sshd[55059]: Failed password for root from 180.101.88.243 port 19158 ssh2
Apr 30 07:25:02 Debian-Redes sshd[55059]: Failed password for root from 180.101.88.243 port 19158 ssh2
Apr 30 07:25:03 Debian-Redes sshd[55059]: Received disconnect from 180.101.88.243 port 19158:11:  [preauth]
Apr 30 07:25:03 Debian-Redes sshd[55059]: Disconnected from authenticating user root 180.101.88.243 port 19158 [preauth]
Apr 30 07:25:03 Debian-Redes sshd[55059]: PAM 2 more authentication failures; logname= uid=0 euid=0 tty=ssh ruser= rhost=180.101.88.243  user=root
Apr 30 07:25:08 Debian-Redes sshd[55061]: pam_unix(sshd:auth): authentication failure; logname= uid=0 euid=0 tty=ssh ruser= rhost=180.101.88.243  user=root
Apr 30 07:25:10 Debian-Redes sshd[55061]: Failed password for root from 180.101.88.243 port 20869 ssh2
Apr 30 07:25:13 Debian-Redes sshd[55061]: Failed password for root from 180.101.88.243 port 20869 ssh2
Apr 30 07:25:15 Debian-Redes sshd[55061]: Failed password for root from 180.101.88.243 port 20869 ssh2
Apr 30 07:25:16 Debian-Redes sshd[55061]: Received disconnect from 180.101.88.243 port 20869:11:  [preauth]
Apr 30 07:25:16 Debian-Redes sshd[55061]: Disconnected from authenticating user root 180.101.88.243 port 20869 [preauth]
Apr 30 07:25:16 Debian-Redes sshd[55061]: PAM 2 more authentication failures; logname= uid=0 euid=0 tty=ssh ruser= rhost=180.101.88.243  user=root
Apr 30 07:26:57 Debian-Redes sshd[55076]: pam_unix(sshd:auth): authentication failure; logname= uid=0 euid=0 tty=ssh ruser= rhost=218.92.0.112  user=root
Apr 30 07:26:59 Debian-Redes sshd[55076]: Failed password for root from 218.92.0.112 port 10739 ssh2
Apr 30 07:27:01 Debian-Redes sshd[55076]: Failed password for root from 218.92.0.112 port 10739 ssh2
Apr 30 07:27:05 Debian-Redes sshd[55076]: Failed password for root from 218.92.0.112 port 10739 ssh2
Apr 30 07:27:05 Debian-Redes sshd[55076]: Received disconnect from 218.92.0.112 port 10739:11:  [preauth]
Apr 30 07:27:05 Debian-Redes sshd[55076]: Disconnected from authenticating user root 218.92.0.112 port 10739 [preauth]
Apr 30 07:27:05 Debian-Redes sshd[55076]: PAM 2 more authentication failures; logname= uid=0 euid=0 tty=ssh ruser= rhost=218.92.0.112  user=root
Apr 30 07:27:07 Debian-Redes sshd[55078]: pam_unix(sshd:auth): authentication failure; logname= uid=0 euid=0 tty=ssh ruser= rhost=218.92.0.112  user=root
Apr 30 07:27:08 Debian-Redes sshd[55078]: Failed password for root from 218.92.0.112 port 26850 ssh2
Apr 30 07:27:12 Debian-Redes sshd[55078]: Failed password for root from 218.92.0.112 port 26850 ssh2
Apr 30 07:27:14 Debian-Redes sshd[55078]: Failed password for root from 218.92.0.112 port 26850 ssh2
Apr 30 07:27:15 Debian-Redes sshd[55078]: Received disconnect from 218.92.0.112 port 26850:11:  [preauth]
Apr 30 07:27:15 Debian-Redes sshd[55078]: Disconnected from authenticating user root 218.92.0.112 port 26850 [preauth]
Apr 30 07:27:15 Debian-Redes sshd[55078]: PAM 2 more authentication failures; logname= uid=0 euid=0 tty=ssh ruser= rhost=218.92.0.112  user=root
Apr 30 07:27:16 Debian-Redes sshd[55086]: pam_unix(sshd:auth): authentication failure; logname= uid=0 euid=0 tty=ssh ruser= rhost=218.92.0.112  user=root
Apr 30 07:27:19 Debian-Redes sshd[55086]: Failed password for root from 218.92.0.112 port 44787 ssh2
Apr 30 07:27:21 Debian-Redes sshd[55086]: Failed password for root from 218.92.0.112 port 44787 ssh2
Apr 30 07:27:24 Debian-Redes sshd[55086]: Failed password for root from 218.92.0.112 port 44787 ssh2
Apr 30 07:27:25 Debian-Redes sshd[55086]: Received disconnect from 218.92.0.112 port 44787:11:  [preauth]
Apr 30 07:27:25 Debian-Redes sshd[55086]: Disconnected from authenticating user root 218.92.0.112 port 44787 [preauth]
Apr 30 07:27:25 Debian-Redes sshd[55086]: PAM 2 more authentication failures; logname= uid=0 euid=0 tty=ssh ruser= rhost=218.92.0.112  user=root
