Apr 30 05:24:09 Debian-Redes sshd[44482]: pam_unix(sshd:auth): authentication failure; logname= uid=0 euid=0 tty=ssh ruser= rhost=218.92.0.113  user=root
Apr 30 05:24:11 Debian-Redes sshd[44482]: Failed password for root from 218.92.0.113 port 13617 ssh2
Apr 30 05:24:13 Debian-Redes sshd[44482]: Failed password for root from 218.92.0.113 port 13617 ssh2
Apr 30 05:24:15 Debian-Redes sshd[44482]: Failed password for root from 218.92.0.113 port 13617 ssh2
Apr 30 05:24:16 Debian-Redes sshd[44482]: Received disconnect from 218.92.0.113 port 13617:11:  [preauth]
Apr 30 05:24:16 Debian-Redes sshd[44482]: Disconnected from authenticating user root 218.92.0.113 port 13617 [preauth]
Apr 30 05:24:16 Debian-Redes sshd[44482]: PAM 2 more authentication failures; logname= uid=0 euid=0 tty=ssh ruser= rhost=218.92.0.113  user=root
Apr 30 05:24:17 Debian-Redes sshd[44484]: pam_unix(sshd:auth): authentication failure; logname= uid=0 euid=0 tty=ssh ruser= rhost=218.92.0.113  user=root
Apr 30 05:24:19 Debian-Redes sshd[44484]: Failed password for root from 218.92.0.113 port 17608 ssh2
Apr 30 05:24:22 Debian-Redes sshd[44484]: Failed password for root from 218.92.0.113 port 17608 ssh2
Apr 30 05:24:25 Debian-Redes sshd[44484]: Failed password for root from 218.92.0.113 port 17608 ssh2
Apr 30 05:24:26 Debian-Redes sshd[44484]: Received disconnect from 218.92.0.113 port 17608:11:  [preauth]
Apr 30 05:24:26 Debian-Redes sshd[44484]: Disconnected from authenticating user root 218.92.0.113 port 17608 [preauth]
Apr 30 05:24:26 Debian-Redes sshd[44484]: PAM 2 more authentication failures; logname= uid=0 euid=0 tty=ssh ruser= rhost=218.92.0.113  user=root
Apr 30 05:24:27 Debian-Redes sshd[44486]: pam_unix(sshd:auth): authentication failure; logname= uid=0 euid=0 tty=ssh ruser= rhost=218.92.0.113  user=root
Apr 30 05:24:29 Debian-Redes sshd[44486]: Failed password for root from 218.92.0.113 port 35171 ssh2
Apr 30 05:24:32 Debian-Redes sshd[44486]: Failed password for root from 218.92.0.113 port 35171 ssh2
Apr 30 05:24:34 Debian-Redes sshd[44486]: Failed password for root from 218.92.0.113 port 35171 ssh2
Apr 30 05:24:35 Debian-Redes sshd[44486]: Received disconnect from 218.92.0.113 port 35171:11:  [preauth]
Apr 30 05:24:35 Debian-Redes sshd[44486]: Disconnected from authenticating user root 218.92.0.113 port 35171 [preauth]
Apr 30 05:24:35 Debian-Redes sshd[44486]: PAM 2 more authentication failures; logname= uid=0 euid=0 tty=ssh ruser= rhost=218.92.0.113  user=root
Apr 30 05:28:47 Debian-Redes sshd[44514]: pam_unix(sshd:auth): authentication failure; logname= uid=0 euid=0 tty=ssh ruser= rhost=61.177.173.49  user=root
Apr 30 05:28:49 Debian-Redes sshd[44514]: Failed password for root from 61.177.173.49 port 36336 ssh2
Apr 30 05:28:52 Debian-Redes sshd[44514]: Failed password for root from 61.177.173.49 port 36336 ssh2
Apr 30 05:28:54 Debian-Redes sshd[44514]: Failed password for root from 61.177.173.49 port 36336 ssh2
Apr 30 05:28:55 Debian-Redes sshd[44514]: Received disconnect from 61.177.173.49 port 36336:11:  [preauth]
Apr 30 05:28:55 Debian-Redes sshd[44514]: Disconnected from authenticating user root 61.177.173.49 port 36336 [preauth]
Apr 30 05:28:55 Debian-Redes sshd[44514]: PAM 2 more authentication failures; logname= uid=0 euid=0 tty=ssh ruser= rhost=61.177.173.49  user=root
Apr 30 05:28:57 Debian-Redes sshd[44516]: pam_unix(sshd:auth): authentication failure; logname= uid=0 euid=0 tty=ssh ruser= rhost=61.177.173.49  user=root
Apr 30 05:29:00 Debian-Redes sshd[44516]: Failed password for root from 61.177.173.49 port 37017 ssh2
Apr 30 05:29:02 Debian-Redes sshd[44518]: pam_unix(sshd:auth): authentication failure; logname= uid=0 euid=0 tty=ssh ruser= rhost=218.92.0.95  user=root
Apr 30 05:29:02 Debian-Redes sshd[44516]: Failed password for root from 61.177.173.49 port 37017 ssh2
Apr 30 05:29:04 Debian-Redes sshd[44518]: Failed password for root from 218.92.0.95 port 37297 ssh2
Apr 30 05:29:04 Debian-Redes sshd[44516]: Failed password for root from 61.177.173.49 port 37017 ssh2
Apr 30 05:29:06 Debian-Redes sshd[44516]: Received disconnect from 61.177.173.49 port 37017:11:  [preauth]
Apr 30 05:29:06 Debian-Redes sshd[44516]: Disconnected from authenticating user root 61.177.173.49 port 37017 [preauth]
Apr 30 05:29:06 Debian-Redes sshd[44516]: PAM 2 more authentication failures; logname= uid=0 euid=0 tty=ssh ruser= rhost=61.177.173.49  user=root
Apr 30 05:29:07 Debian-Redes sshd[44518]: Failed password for root from 218.92.0.95 port 37297 ssh2
Apr 30 05:29:08 Debian-Redes sshd[44526]: pam_unix(sshd:auth): authentication failure; logname= uid=0 euid=0 tty=ssh ruser= rhost=61.177.173.49  user=root
Apr 30 05:29:10 Debian-Redes sshd[44518]: Failed password for root from 218.92.0.95 port 37297 ssh2
Apr 30 05:29:11 Debian-Redes sshd[44526]: Failed password for root from 61.177.173.49 port 46926 ssh2
Apr 30 05:29:11 Debian-Redes sshd[44528]: pam_unix(sshd:auth): authentication failure; logname= uid=0 euid=0 tty=ssh ruser= rhost=218.92.0.118  user=root
Apr 30 05:29:13 Debian-Redes sshd[44528]: Failed password for root from 218.92.0.118 port 29586 ssh2
Apr 30 05:29:13 Debian-Redes sshd[44518]: Received disconnect from 218.92.0.95 port 37297:11:  [preauth]
Apr 30 05:29:13 Debian-Redes sshd[44518]: Disconnected from authenticating user root 218.92.0.95 port 37297 [preauth]
Apr 30 05:29:13 Debian-Redes sshd[44518]: PAM 2 more authentication failures; logname= uid=0 euid=0 tty=ssh ruser= rhost=218.92.0.95  user=root
Apr 30 05:29:14 Debian-Redes sshd[44530]: pam_unix(sshd:auth): authentication failure; logname= uid=0 euid=0 tty=ssh ruser= rhost=218.92.0.95  user=root
Apr 30 05:29:16 Debian-Redes sshd[44528]: Failed password for root from 218.92.0.118 port 29586 ssh2
Apr 30 05:29:16 Debian-Redes sshd[44526]: Failed password for root from 61.177.173.49 port 46926 ssh2
Apr 30 05:29:16 Debian-Redes sshd[44530]: Failed password for root from 218.92.0.95 port 33723 ssh2
Apr 30 05:29:18 Debian-Redes sshd[44526]: Failed password for root from 61.177.173.49 port 46926 ssh2
Apr 30 05:29:18 Debian-Redes sshd[44528]: Failed password for root from 218.92.0.118 port 29586 ssh2
Apr 30 05:29:19 Debian-Redes sshd[44526]: Received disconnect from 61.177.173.49 port 46926:11:  [preauth]
Apr 30 05:29:19 Debian-Redes sshd[44526]: Disconnected from authenticating user root 61.177.173.49 port 46926 [preauth]
Apr 30 05:29:19 Debian-Redes sshd[44526]: PAM 2 more authentication failures; logname= uid=0 euid=0 tty=ssh ruser= rhost=61.177.173.49  user=root
Apr 30 05:29:19 Debian-Redes sshd[44530]: Failed password for root from 218.92.0.95 port 33723 ssh2
Apr 30 05:29:19 Debian-Redes sshd[44528]: Received disconnect from 218.92.0.118 port 29586:11:  [preauth]
Apr 30 05:29:19 Debian-Redes sshd[44528]: Disconnected from authenticating user root 218.92.0.118 port 29586 [preauth]
Apr 30 05:29:19 Debian-Redes sshd[44528]: PAM 2 more authentication failures; logname= uid=0 euid=0 tty=ssh ruser= rhost=218.92.0.118  user=root
Apr 30 05:29:20 Debian-Redes sshd[44533]: pam_unix(sshd:auth): authentication failure; logname= uid=0 euid=0 tty=ssh ruser= rhost=61.177.173.49  user=root
Apr 30 05:29:20 Debian-Redes sshd[44535]: pam_unix(sshd:auth): authentication failure; logname= uid=0 euid=0 tty=ssh ruser= rhost=218.92.0.118  user=root
Apr 30 05:29:23 Debian-Redes sshd[44530]: Failed password for root from 218.92.0.95 port 33723 ssh2
Apr 30 05:29:23 Debian-Redes sshd[44533]: Failed password for root from 61.177.173.49 port 21318 ssh2
Apr 30 05:29:23 Debian-Redes sshd[44535]: Failed password for root from 218.92.0.118 port 39589 ssh2
Apr 30 05:29:26 Debian-Redes sshd[44530]: Received disconnect from 218.92.0.95 port 33723:11:  [preauth]
Apr 30 05:29:26 Debian-Redes sshd[44530]: Disconnected from authenticating user root 218.92.0.95 port 33723 [preauth]
Apr 30 05:29:26 Debian-Redes sshd[44530]: PAM 2 more authentication failures; logname= uid=0 euid=0 tty=ssh ruser= rhost=218.92.0.95  user=root
Apr 30 05:29:28 Debian-Redes sshd[44533]: Failed password for root from 61.177.173.49 port 21318 ssh2
Apr 30 05:29:28 Debian-Redes sshd[44535]: Failed password for root from 218.92.0.118 port 39589 ssh2
Apr 30 05:29:30 Debian-Redes sshd[44533]: Failed password for root from 61.177.173.49 port 21318 ssh2
Apr 30 05:29:30 Debian-Redes sshd[44535]: Failed password for root from 218.92.0.118 port 39589 ssh2
Apr 30 05:29:31 Debian-Redes sshd[44533]: Received disconnect from 61.177.173.49 port 21318:11:  [preauth]
Apr 30 05:29:31 Debian-Redes sshd[44533]: Disconnected from authenticating user root 61.177.173.49 port 21318 [preauth]
Apr 30 05:29:31 Debian-Redes sshd[44533]: PAM 2 more authentication failures; logname= uid=0 euid=0 tty=ssh ruser= rhost=61.177.173.49  user=root
Apr 30 05:29:32 Debian-Redes sshd[44535]: Received disconnect from 218.92.0.118 port 39589:11:  [preauth]
Apr 30 05:29:32 Debian-Redes sshd[44535]: Disconnected from authenticating user root 218.92.0.118 port 39589 [preauth]
Apr 30 05:29:32 Debian-Redes sshd[44535]: PAM 2 more authentication failures; logname= uid=0 euid=0 tty=ssh ruser= rhost=218.92.0.118  user=root
Apr 30 05:29:33 Debian-Redes sshd[44537]: pam_unix(sshd:auth): authentication failure; logname= uid=0 euid=0 tty=ssh ruser= rhost=61.177.173.49  user=root
Apr 30 05:29:33 Debian-Redes sshd[44539]: pam_unix(sshd:auth): authentication failure; logname= uid=0 euid=0 tty=ssh ruser= rhost=218.92.0.118  user=root
Apr 30 05:29:34 Debian-Redes sshd[44537]: Failed password for root from 61.177.173.49 port 41023 ssh2
Apr 30 05:29:35 Debian-Redes sshd[44539]: Failed password for root from 218.92.0.118 port 15205 ssh2
Apr 30 05:29:37 Debian-Redes sshd[44537]: Failed password for root from 61.177.173.49 port 41023 ssh2
Apr 30 05:29:38 Debian-Redes sshd[44539]: Failed password for root from 218.92.0.118 port 15205 ssh2
Apr 30 05:29:40 Debian-Redes sshd[44537]: Failed password for root from 61.177.173.49 port 41023 ssh2
Apr 30 05:29:40 Debian-Redes sshd[44539]: Failed password for root from 218.92.0.118 port 15205 ssh2
Apr 30 05:29:41 Debian-Redes sshd[44537]: Received disconnect from 61.177.173.49 port 41023:11:  [preauth]
Apr 30 05:29:41 Debian-Redes sshd[44537]: Disconnected from authenticating user root 61.177.173.49 port 41023 [preauth]
Apr 30 05:29:41 Debian-Redes sshd[44537]: PAM 2 more authentication failures; logname= uid=0 euid=0 tty=ssh ruser= rhost=61.177.173.49  user=root
Apr 30 05:29:41 Debian-Redes sshd[44539]: Received disconnect from 218.92.0.118 port 15205:11:  [preauth]
Apr 30 05:29:41 Debian-Redes sshd[44539]: Disconnected from authenticating user root 218.92.0.118 port 15205 [preauth]
Apr 30 05:29:41 Debian-Redes sshd[44539]: PAM 2 more authentication failures; logname= uid=0 euid=0 tty=ssh ruser= rhost=218.92.0.118  user=root
Apr 30 05:29:42 Debian-Redes sshd[44541]: pam_unix(sshd:auth): authentication failure; logname= uid=0 euid=0 tty=ssh ruser= rhost=218.92.0.118  user=root
Apr 30 05:29:45 Debian-Redes sshd[44541]: Failed password for root from 218.92.0.118 port 24762 ssh2
Apr 30 05:29:47 Debian-Redes sshd[44541]: Failed password for root from 218.92.0.118 port 24762 ssh2
Apr 30 05:29:50 Debian-Redes sshd[44541]: Failed password for root from 218.92.0.118 port 24762 ssh2
Apr 30 05:29:51 Debian-Redes sshd[44541]: Received disconnect from 218.92.0.118 port 24762:11:  [preauth]
Apr 30 05:29:51 Debian-Redes sshd[44541]: Disconnected from authenticating user root 218.92.0.118 port 24762 [preauth]
Apr 30 05:29:51 Debian-Redes sshd[44541]: PAM 2 more authentication failures; logname= uid=0 euid=0 tty=ssh ruser= rhost=218.92.0.118  user=root
Apr 30 05:32:10 Debian-Redes sshd[44563]: pam_unix(sshd:auth): authentication failure; logname= uid=0 euid=0 tty=ssh ruser= rhost=61.177.173.47  user=root
Apr 30 05:32:12 Debian-Redes sshd[44563]: Failed password for root from 61.177.173.47 port 38243 ssh2
Apr 30 05:32:15 Debian-Redes sshd[44563]: Failed password for root from 61.177.173.47 port 38243 ssh2
Apr 30 05:32:18 Debian-Redes sshd[44563]: Failed password for root from 61.177.173.47 port 38243 ssh2
Apr 30 05:32:18 Debian-Redes sshd[44563]: Received disconnect from 61.177.173.47 port 38243:11:  [preauth]
Apr 30 05:32:18 Debian-Redes sshd[44563]: Disconnected from authenticating user root 61.177.173.47 port 38243 [preauth]
Apr 30 05:32:18 Debian-Redes sshd[44563]: PAM 2 more authentication failures; logname= uid=0 euid=0 tty=ssh ruser= rhost=61.177.173.47  user=root
Apr 30 05:32:20 Debian-Redes sshd[44565]: pam_unix(sshd:auth): authentication failure; logname= uid=0 euid=0 tty=ssh ruser= rhost=61.177.173.47  user=root
Apr 30 05:32:22 Debian-Redes sshd[44565]: Failed password for root from 61.177.173.47 port 63726 ssh2
Apr 30 05:32:24 Debian-Redes sshd[44565]: Failed password for root from 61.177.173.47 port 63726 ssh2
Apr 30 05:32:28 Debian-Redes sshd[44565]: Failed password for root from 61.177.173.47 port 63726 ssh2
Apr 30 05:32:28 Debian-Redes sshd[44565]: Received disconnect from 61.177.173.47 port 63726:11:  [preauth]
Apr 30 05:32:28 Debian-Redes sshd[44565]: Disconnected from authenticating user root 61.177.173.47 port 63726 [preauth]
Apr 30 05:32:28 Debian-Redes sshd[44565]: PAM 2 more authentication failures; logname= uid=0 euid=0 tty=ssh ruser= rhost=61.177.173.47  user=root
Apr 30 05:34:08 Debian-Redes sshd[44579]: pam_unix(sshd:auth): authentication failure; logname= uid=0 euid=0 tty=ssh ruser= rhost=218.92.0.118  user=root
Apr 30 05:34:11 Debian-Redes sshd[44579]: Failed password for root from 218.92.0.118 port 44675 ssh2
Apr 30 05:34:16 Debian-Redes sshd[44579]: Failed password for root from 218.92.0.118 port 44675 ssh2
Apr 30 05:34:19 Debian-Redes sshd[44579]: Failed password for root from 218.92.0.118 port 44675 ssh2
Apr 30 05:34:20 Debian-Redes sshd[44579]: Received disconnect from 218.92.0.118 port 44675:11:  [preauth]
Apr 30 05:34:20 Debian-Redes sshd[44579]: Disconnected from authenticating user root 218.92.0.118 port 44675 [preauth]
Apr 30 05:34:20 Debian-Redes sshd[44579]: PAM 2 more authentication failures; logname= uid=0 euid=0 tty=ssh ruser= rhost=218.92.0.118  user=root
Apr 30 05:34:21 Debian-Redes sshd[44581]: pam_unix(sshd:auth): authentication failure; logname= uid=0 euid=0 tty=ssh ruser= rhost=218.92.0.118  user=root
Apr 30 05:34:23 Debian-Redes sshd[44581]: Failed password for root from 218.92.0.118 port 14259 ssh2
Apr 30 05:34:26 Debian-Redes sshd[44581]: Failed password for root from 218.92.0.118 port 14259 ssh2
Apr 30 05:34:29 Debian-Redes sshd[44581]: Failed password for root from 218.92.0.118 port 14259 ssh2
Apr 30 05:34:32 Debian-Redes sshd[44581]: Received disconnect from 218.92.0.118 port 14259:11:  [preauth]
Apr 30 05:34:32 Debian-Redes sshd[44581]: Disconnected from authenticating user root 218.92.0.118 port 14259 [preauth]
Apr 30 05:34:32 Debian-Redes sshd[44581]: PAM 2 more authentication failures; logname= uid=0 euid=0 tty=ssh ruser= rhost=218.92.0.118  user=root
Apr 30 05:34:33 Debian-Redes sshd[44583]: pam_unix(sshd:auth): authentication failure; logname= uid=0 euid=0 tty=ssh ruser= rhost=218.92.0.118  user=root
Apr 30 05:34:34 Debian-Redes sshd[44583]: Failed password for root from 218.92.0.118 port 44262 ssh2
Apr 30 05:34:38 Debian-Redes sshd[44583]: Failed password for root from 218.92.0.118 port 44262 ssh2
Apr 30 05:34:41 Debian-Redes sshd[44583]: Failed password for root from 218.92.0.118 port 44262 ssh2
Apr 30 05:34:41 Debian-Redes sshd[44583]: Received disconnect from 218.92.0.118 port 44262:11:  [preauth]
Apr 30 05:34:41 Debian-Redes sshd[44583]: Disconnected from authenticating user root 218.92.0.118 port 44262 [preauth]
Apr 30 05:34:41 Debian-Redes sshd[44583]: PAM 2 more authentication failures; logname= uid=0 euid=0 tty=ssh ruser= rhost=218.92.0.118  user=root
Apr 30 05:34:43 Debian-Redes sshd[44586]: pam_unix(sshd:auth): authentication failure; logname= uid=0 euid=0 tty=ssh ruser= rhost=218.92.0.118  user=root
Apr 30 05:34:45 Debian-Redes sshd[44586]: Failed password for root from 218.92.0.118 port 62837 ssh2
Apr 30 05:34:47 Debian-Redes sshd[44586]: Failed password for root from 218.92.0.118 port 62837 ssh2
Apr 30 05:34:49 Debian-Redes sshd[44586]: Failed password for root from 218.92.0.118 port 62837 ssh2
Apr 30 05:34:50 Debian-Redes sshd[44586]: Received disconnect from 218.92.0.118 port 62837:11:  [preauth]
Apr 30 05:34:50 Debian-Redes sshd[44586]: Disconnected from authenticating user root 218.92.0.118 port 62837 [preauth]
Apr 30 05:34:50 Debian-Redes sshd[44586]: PAM 2 more authentication failures; logname= uid=0 euid=0 tty=ssh ruser= rhost=218.92.0.118  user=root
Apr 30 05:37:37 Debian-Redes sshd[44608]: pam_unix(sshd:auth): authentication failure; logname= uid=0 euid=0 tty=ssh ruser= rhost=218.92.0.113  user=root
Apr 30 05:37:39 Debian-Redes sshd[44608]: Failed password for root from 218.92.0.113 port 24784 ssh2
Apr 30 05:37:41 Debian-Redes sshd[44608]: Failed password for root from 218.92.0.113 port 24784 ssh2
Apr 30 05:37:44 Debian-Redes sshd[44608]: Failed password for root from 218.92.0.113 port 24784 ssh2
Apr 30 05:37:45 Debian-Redes sshd[44608]: Received disconnect from 218.92.0.113 port 24784:11:  [preauth]
Apr 30 05:37:45 Debian-Redes sshd[44608]: Disconnected from authenticating user root 218.92.0.113 port 24784 [preauth]
Apr 30 05:37:45 Debian-Redes sshd[44608]: PAM 2 more authentication failures; logname= uid=0 euid=0 tty=ssh ruser= rhost=218.92.0.113  user=root
Apr 30 05:37:46 Debian-Redes sshd[44610]: pam_unix(sshd:auth): authentication failure; logname= uid=0 euid=0 tty=ssh ruser= rhost=218.92.0.113  user=root
Apr 30 05:37:48 Debian-Redes sshd[44610]: Failed password for root from 218.92.0.113 port 39963 ssh2
Apr 30 05:37:51 Debian-Redes sshd[44610]: Failed password for root from 218.92.0.113 port 39963 ssh2
Apr 30 05:37:54 Debian-Redes sshd[44610]: Failed password for root from 218.92.0.113 port 39963 ssh2
Apr 30 05:37:55 Debian-Redes sshd[44610]: Received disconnect from 218.92.0.113 port 39963:11:  [preauth]
Apr 30 05:37:55 Debian-Redes sshd[44610]: Disconnected from authenticating user root 218.92.0.113 port 39963 [preauth]
Apr 30 05:37:55 Debian-Redes sshd[44610]: PAM 2 more authentication failures; logname= uid=0 euid=0 tty=ssh ruser= rhost=218.92.0.113  user=root
Apr 30 05:37:56 Debian-Redes sshd[44612]: pam_unix(sshd:auth): authentication failure; logname= uid=0 euid=0 tty=ssh ruser= rhost=218.92.0.113  user=root
Apr 30 05:37:58 Debian-Redes sshd[44612]: Failed password for root from 218.92.0.113 port 15063 ssh2
Apr 30 05:38:01 Debian-Redes sshd[44612]: Failed password for root from 218.92.0.113 port 15063 ssh2
Apr 30 05:38:04 Debian-Redes sshd[44612]: Failed password for root from 218.92.0.113 port 15063 ssh2
Apr 30 05:38:05 Debian-Redes sshd[44612]: Received disconnect from 218.92.0.113 port 15063:11:  [preauth]
Apr 30 05:38:05 Debian-Redes sshd[44612]: Disconnected from authenticating user root 218.92.0.113 port 15063 [preauth]
Apr 30 05:38:05 Debian-Redes sshd[44612]: PAM 2 more authentication failures; logname= uid=0 euid=0 tty=ssh ruser= rhost=218.92.0.113  user=root
Apr 30 05:40:35 Debian-Redes sshd[44639]: pam_unix(sshd:auth): authentication failure; logname= uid=0 euid=0 tty=ssh ruser= rhost=218.92.0.34  user=root
Apr 30 05:40:37 Debian-Redes sshd[44639]: Failed password for root from 218.92.0.34 port 41890 ssh2
Apr 30 05:40:41 Debian-Redes sshd[44639]: Failed password for root from 218.92.0.34 port 41890 ssh2
Apr 30 05:40:43 Debian-Redes sshd[44639]: Failed password for root from 218.92.0.34 port 41890 ssh2
Apr 30 05:40:44 Debian-Redes sshd[44639]: Received disconnect from 218.92.0.34 port 41890:11:  [preauth]
Apr 30 05:40:44 Debian-Redes sshd[44639]: Disconnected from authenticating user root 218.92.0.34 port 41890 [preauth]
Apr 30 05:40:44 Debian-Redes sshd[44639]: PAM 2 more authentication failures; logname= uid=0 euid=0 tty=ssh ruser= rhost=218.92.0.34  user=root
Apr 30 05:40:45 Debian-Redes sshd[44641]: pam_unix(sshd:auth): authentication failure; logname= uid=0 euid=0 tty=ssh ruser= rhost=218.92.0.34  user=root
Apr 30 05:40:47 Debian-Redes sshd[44641]: Failed password for root from 218.92.0.34 port 11430 ssh2
Apr 30 05:40:50 Debian-Redes sshd[44641]: Failed password for root from 218.92.0.34 port 11430 ssh2
Apr 30 05:40:53 Debian-Redes sshd[44641]: Failed password for root from 218.92.0.34 port 11430 ssh2
Apr 30 05:40:53 Debian-Redes sshd[44641]: Received disconnect from 218.92.0.34 port 11430:11:  [preauth]
Apr 30 05:40:53 Debian-Redes sshd[44641]: Disconnected from authenticating user root 218.92.0.34 port 11430 [preauth]
Apr 30 05:40:53 Debian-Redes sshd[44641]: PAM 2 more authentication failures; logname= uid=0 euid=0 tty=ssh ruser= rhost=218.92.0.34  user=root
Apr 30 05:44:03 Debian-Redes sshd[44662]: pam_unix(sshd:auth): authentication failure; logname= uid=0 euid=0 tty=ssh ruser= rhost=180.101.88.243  user=root
Apr 30 05:44:05 Debian-Redes sshd[44662]: Failed password for root from 180.101.88.243 port 19684 ssh2
Apr 30 05:44:07 Debian-Redes sshd[44662]: Failed password for root from 180.101.88.243 port 19684 ssh2
Apr 30 05:44:11 Debian-Redes sshd[44662]: Failed password for root from 180.101.88.243 port 19684 ssh2
Apr 30 05:44:11 Debian-Redes sshd[44662]: Received disconnect from 180.101.88.243 port 19684:11:  [preauth]
Apr 30 05:44:11 Debian-Redes sshd[44662]: Disconnected from authenticating user root 180.101.88.243 port 19684 [preauth]
Apr 30 05:44:11 Debian-Redes sshd[44662]: PAM 2 more authentication failures; logname= uid=0 euid=0 tty=ssh ruser= rhost=180.101.88.243  user=root
Apr 30 05:44:15 Debian-Redes sshd[44670]: pam_unix(sshd:auth): authentication failure; logname= uid=0 euid=0 tty=ssh ruser= rhost=180.101.88.243  user=root
Apr 30 05:44:17 Debian-Redes sshd[44670]: Failed password for root from 180.101.88.243 port 33757 ssh2
Apr 30 05:44:20 Debian-Redes sshd[44670]: Failed password for root from 180.101.88.243 port 33757 ssh2
Apr 30 05:44:24 Debian-Redes sshd[44670]: Failed password for root from 180.101.88.243 port 33757 ssh2
Apr 30 05:44:24 Debian-Redes sshd[44670]: Received disconnect from 180.101.88.243 port 33757:11:  [preauth]
Apr 30 05:44:24 Debian-Redes sshd[44670]: Disconnected from authenticating user root 180.101.88.243 port 33757 [preauth]
Apr 30 05:44:24 Debian-Redes sshd[44670]: PAM 2 more authentication failures; logname= uid=0 euid=0 tty=ssh ruser= rhost=180.101.88.243  user=root
Apr 30 05:48:13 Debian-Redes sshd[44700]: pam_unix(sshd:auth): authentication failure; logname= uid=0 euid=0 tty=ssh ruser= rhost=218.92.0.112  user=root
Apr 30 05:48:16 Debian-Redes sshd[44700]: Failed password for root from 218.92.0.112 port 55591 ssh2
Apr 30 05:48:21 Debian-Redes sshd[44700]: Failed password for root from 218.92.0.112 port 55591 ssh2
Apr 30 05:48:23 Debian-Redes sshd[44700]: Failed password for root from 218.92.0.112 port 55591 ssh2
Apr 30 05:48:25 Debian-Redes sshd[44700]: Received disconnect from 218.92.0.112 port 55591:11:  [preauth]
Apr 30 05:48:25 Debian-Redes sshd[44700]: Disconnected from authenticating user root 218.92.0.112 port 55591 [preauth]
Apr 30 05:48:25 Debian-Redes sshd[44700]: PAM 2 more authentication failures; logname= uid=0 euid=0 tty=ssh ruser= rhost=218.92.0.112  user=root
Apr 30 05:48:26 Debian-Redes sshd[44702]: pam_unix(sshd:auth): authentication failure; logname= uid=0 euid=0 tty=ssh ruser= rhost=218.92.0.112  user=root
Apr 30 05:48:28 Debian-Redes sshd[44702]: Failed password for root from 218.92.0.112 port 38859 ssh2
Apr 30 05:48:31 Debian-Redes sshd[44702]: Failed password for root from 218.92.0.112 port 38859 ssh2
Apr 30 05:48:33 Debian-Redes sshd[44702]: Failed password for root from 218.92.0.112 port 38859 ssh2
Apr 30 05:48:34 Debian-Redes sshd[44702]: Received disconnect from 218.92.0.112 port 38859:11:  [preauth]
Apr 30 05:48:34 Debian-Redes sshd[44702]: Disconnected from authenticating user root 218.92.0.112 port 38859 [preauth]
Apr 30 05:48:34 Debian-Redes sshd[44702]: PAM 2 more authentication failures; logname= uid=0 euid=0 tty=ssh ruser= rhost=218.92.0.112  user=root
Apr 30 05:48:36 Debian-Redes sshd[44704]: pam_unix(sshd:auth): authentication failure; logname= uid=0 euid=0 tty=ssh ruser= rhost=218.92.0.112  user=root
Apr 30 05:48:37 Debian-Redes sshd[44704]: Failed password for root from 218.92.0.112 port 57486 ssh2
Apr 30 05:48:41 Debian-Redes sshd[44704]: Failed password for root from 218.92.0.112 port 57486 ssh2
Apr 30 05:48:43 Debian-Redes sshd[44704]: Failed password for root from 218.92.0.112 port 57486 ssh2
Apr 30 05:48:44 Debian-Redes sshd[44704]: Received disconnect from 218.92.0.112 port 57486:11:  [preauth]
Apr 30 05:48:44 Debian-Redes sshd[44704]: Disconnected from authenticating user root 218.92.0.112 port 57486 [preauth]
Apr 30 05:48:44 Debian-Redes sshd[44704]: PAM 2 more authentication failures; logname= uid=0 euid=0 tty=ssh ruser= rhost=218.92.0.112  user=root
Apr 30 05:48:49 Debian-Redes sshd[44706]: pam_unix(sshd:auth): authentication failure; logname= uid=0 euid=0 tty=ssh ruser= rhost=61.177.173.37  user=root
Apr 30 05:48:51 Debian-Redes sshd[44706]: Failed password for root from 61.177.173.37 port 35107 ssh2
Apr 30 05:48:54 Debian-Redes sshd[44706]: Failed password for root from 61.177.173.37 port 35107 ssh2
Apr 30 05:48:56 Debian-Redes sshd[44706]: Failed password for root from 61.177.173.37 port 35107 ssh2
Apr 30 05:48:57 Debian-Redes sshd[44706]: Received disconnect from 61.177.173.37 port 35107:11:  [preauth]
Apr 30 05:48:57 Debian-Redes sshd[44706]: Disconnected from authenticating user root 61.177.173.37 port 35107 [preauth]
Apr 30 05:48:57 Debian-Redes sshd[44706]: PAM 2 more authentication failures; logname= uid=0 euid=0 tty=ssh ruser= rhost=61.177.173.37  user=root
Apr 30 05:48:59 Debian-Redes sshd[44708]: pam_unix(sshd:auth): authentication failure; logname= uid=0 euid=0 tty=ssh ruser= rhost=61.177.173.37  user=root
Apr 30 05:49:00 Debian-Redes sshd[44708]: Failed password for root from 61.177.173.37 port 41444 ssh2
Apr 30 05:49:04 Debian-Redes sshd[44708]: Failed password for root from 61.177.173.37 port 41444 ssh2
Apr 30 05:49:06 Debian-Redes sshd[44708]: Failed password for root from 61.177.173.37 port 41444 ssh2
Apr 30 05:49:07 Debian-Redes sshd[44708]: Received disconnect from 61.177.173.37 port 41444:11:  [preauth]
Apr 30 05:49:07 Debian-Redes sshd[44708]: Disconnected from authenticating user root 61.177.173.37 port 41444 [preauth]
Apr 30 05:49:07 Debian-Redes sshd[44708]: PAM 2 more authentication failures; logname= uid=0 euid=0 tty=ssh ruser= rhost=61.177.173.37  user=root
Apr 30 05:49:08 Debian-Redes sshd[44716]: pam_unix(sshd:auth): authentication failure; logname= uid=0 euid=0 tty=ssh ruser= rhost=61.177.173.37  user=root
Apr 30 05:49:10 Debian-Redes sshd[44716]: Failed password for root from 61.177.173.37 port 64053 ssh2
Apr 30 05:49:11 Debian-Redes sshd[44718]: pam_unix(sshd:auth): authentication failure; logname= uid=0 euid=0 tty=ssh ruser= rhost=218.92.0.114  user=root
Apr 30 05:49:13 Debian-Redes sshd[44716]: Failed password for root from 61.177.173.37 port 64053 ssh2
Apr 30 05:49:13 Debian-Redes sshd[44718]: Failed password for root from 218.92.0.114 port 21306 ssh2
Apr 30 05:49:17 Debian-Redes sshd[44716]: Failed password for root from 61.177.173.37 port 64053 ssh2
Apr 30 05:49:17 Debian-Redes sshd[44718]: Failed password for root from 218.92.0.114 port 21306 ssh2
Apr 30 05:49:19 Debian-Redes sshd[44716]: Received disconnect from 61.177.173.37 port 64053:11:  [preauth]
Apr 30 05:49:19 Debian-Redes sshd[44716]: Disconnected from authenticating user root 61.177.173.37 port 64053 [preauth]
Apr 30 05:49:19 Debian-Redes sshd[44716]: PAM 2 more authentication failures; logname= uid=0 euid=0 tty=ssh ruser= rhost=61.177.173.37  user=root
Apr 30 05:49:21 Debian-Redes sshd[44720]: pam_unix(sshd:auth): authentication failure; logname= uid=0 euid=0 tty=ssh ruser= rhost=61.177.173.37  user=root
Apr 30 05:49:22 Debian-Redes sshd[44718]: Failed password for root from 218.92.0.114 port 21306 ssh2
Apr 30 05:49:22 Debian-Redes sshd[44718]: Received disconnect from 218.92.0.114 port 21306:11:  [preauth]
Apr 30 05:49:22 Debian-Redes sshd[44718]: Disconnected from authenticating user root 218.92.0.114 port 21306 [preauth]
Apr 30 05:49:22 Debian-Redes sshd[44718]: PAM 2 more authentication failures; logname= uid=0 euid=0 tty=ssh ruser= rhost=218.92.0.114  user=root
Apr 30 05:49:23 Debian-Redes sshd[44720]: Failed password for root from 61.177.173.37 port 54127 ssh2
Apr 30 05:49:24 Debian-Redes sshd[44722]: pam_unix(sshd:auth): authentication failure; logname= uid=0 euid=0 tty=ssh ruser= rhost=218.92.0.114  user=root
Apr 30 05:49:26 Debian-Redes sshd[44720]: Failed password for root from 61.177.173.37 port 54127 ssh2
Apr 30 05:49:26 Debian-Redes sshd[44722]: Failed password for root from 218.92.0.114 port 44523 ssh2
Apr 30 05:49:29 Debian-Redes sshd[44720]: Failed password for root from 61.177.173.37 port 54127 ssh2
Apr 30 05:49:29 Debian-Redes sshd[44722]: Failed password for root from 218.92.0.114 port 44523 ssh2
Apr 30 05:49:32 Debian-Redes sshd[44720]: Received disconnect from 61.177.173.37 port 54127:11:  [preauth]
Apr 30 05:49:32 Debian-Redes sshd[44720]: Disconnected from authenticating user root 61.177.173.37 port 54127 [preauth]
Apr 30 05:49:32 Debian-Redes sshd[44720]: PAM 2 more authentication failures; logname= uid=0 euid=0 tty=ssh ruser= rhost=61.177.173.37  user=root
Apr 30 05:49:34 Debian-Redes sshd[44722]: Failed password for root from 218.92.0.114 port 44523 ssh2
Apr 30 05:49:35 Debian-Redes sshd[44722]: Received disconnect from 218.92.0.114 port 44523:11:  [preauth]
Apr 30 05:49:35 Debian-Redes sshd[44722]: Disconnected from authenticating user root 218.92.0.114 port 44523 [preauth]
Apr 30 05:49:35 Debian-Redes sshd[44722]: PAM 2 more authentication failures; logname= uid=0 euid=0 tty=ssh ruser= rhost=218.92.0.114  user=root
Apr 30 05:50:39 Debian-Redes sshd[44730]: pam_unix(sshd:auth): authentication failure; logname= uid=0 euid=0 tty=ssh ruser= rhost=218.92.0.99  user=root
Apr 30 05:50:42 Debian-Redes sshd[44730]: Failed password for root from 218.92.0.99 port 16756 ssh2
Apr 30 05:50:44 Debian-Redes sshd[44730]: Failed password for root from 218.92.0.99 port 16756 ssh2
Apr 30 05:50:47 Debian-Redes sshd[44730]: Failed password for root from 218.92.0.99 port 16756 ssh2
Apr 30 05:50:48 Debian-Redes sshd[44730]: Received disconnect from 218.92.0.99 port 16756:11:  [preauth]
Apr 30 05:50:48 Debian-Redes sshd[44730]: Disconnected from authenticating user root 218.92.0.99 port 16756 [preauth]
Apr 30 05:50:48 Debian-Redes sshd[44730]: PAM 2 more authentication failures; logname= uid=0 euid=0 tty=ssh ruser= rhost=218.92.0.99  user=root
Apr 30 05:50:49 Debian-Redes sshd[44732]: pam_unix(sshd:auth): authentication failure; logname= uid=0 euid=0 tty=ssh ruser= rhost=218.92.0.99  user=root
Apr 30 05:50:51 Debian-Redes sshd[44732]: Failed password for root from 218.92.0.99 port 33957 ssh2
Apr 30 05:50:53 Debian-Redes sshd[44732]: Failed password for root from 218.92.0.99 port 33957 ssh2
Apr 30 05:50:57 Debian-Redes sshd[44732]: Failed password for root from 218.92.0.99 port 33957 ssh2
Apr 30 05:50:57 Debian-Redes sshd[44732]: Received disconnect from 218.92.0.99 port 33957:11:  [preauth]
Apr 30 05:50:57 Debian-Redes sshd[44732]: Disconnected from authenticating user root 218.92.0.99 port 33957 [preauth]
Apr 30 05:50:57 Debian-Redes sshd[44732]: PAM 2 more authentication failures; logname= uid=0 euid=0 tty=ssh ruser= rhost=218.92.0.99  user=root
Apr 30 05:50:59 Debian-Redes sshd[44735]: pam_unix(sshd:auth): authentication failure; logname= uid=0 euid=0 tty=ssh ruser= rhost=218.92.0.99  user=root
Apr 30 05:51:00 Debian-Redes sshd[44735]: Failed password for root from 218.92.0.99 port 52692 ssh2
Apr 30 05:51:03 Debian-Redes sshd[44735]: Failed password for root from 218.92.0.99 port 52692 ssh2
Apr 30 05:51:06 Debian-Redes sshd[44735]: Failed password for root from 218.92.0.99 port 52692 ssh2
Apr 30 05:51:07 Debian-Redes sshd[44735]: Received disconnect from 218.92.0.99 port 52692:11:  [preauth]
Apr 30 05:51:07 Debian-Redes sshd[44735]: Disconnected from authenticating user root 218.92.0.99 port 52692 [preauth]
Apr 30 05:51:07 Debian-Redes sshd[44735]: PAM 2 more authentication failures; logname= uid=0 euid=0 tty=ssh ruser= rhost=218.92.0.99  user=root
Apr 30 05:57:51 Debian-Redes sshd[44782]: pam_unix(sshd:auth): authentication failure; logname= uid=0 euid=0 tty=ssh ruser= rhost=218.92.0.34  user=root
Apr 30 05:57:53 Debian-Redes sshd[44782]: Failed password for root from 218.92.0.34 port 63561 ssh2
Apr 30 05:57:56 Debian-Redes sshd[44782]: Failed password for root from 218.92.0.34 port 63561 ssh2
Apr 30 05:57:59 Debian-Redes sshd[44782]: Failed password for root from 218.92.0.34 port 63561 ssh2
Apr 30 05:58:00 Debian-Redes sshd[44782]: Received disconnect from 218.92.0.34 port 63561:11:  [preauth]
Apr 30 05:58:00 Debian-Redes sshd[44782]: Disconnected from authenticating user root 218.92.0.34 port 63561 [preauth]
Apr 30 05:58:00 Debian-Redes sshd[44782]: PAM 2 more authentication failures; logname= uid=0 euid=0 tty=ssh ruser= rhost=218.92.0.34  user=root
Apr 30 05:58:01 Debian-Redes sshd[44784]: pam_unix(sshd:auth): authentication failure; logname= uid=0 euid=0 tty=ssh ruser= rhost=218.92.0.34  user=root
Apr 30 05:58:03 Debian-Redes sshd[44784]: Failed password for root from 218.92.0.34 port 26969 ssh2
Apr 30 05:58:06 Debian-Redes sshd[44784]: Failed password for root from 218.92.0.34 port 26969 ssh2
Apr 30 05:58:08 Debian-Redes sshd[44784]: Failed password for root from 218.92.0.34 port 26969 ssh2
Apr 30 05:58:09 Debian-Redes sshd[44784]: Received disconnect from 218.92.0.34 port 26969:11:  [preauth]
Apr 30 05:58:09 Debian-Redes sshd[44784]: Disconnected from authenticating user root 218.92.0.34 port 26969 [preauth]
Apr 30 05:58:09 Debian-Redes sshd[44784]: PAM 2 more authentication failures; logname= uid=0 euid=0 tty=ssh ruser= rhost=218.92.0.34  user=root
Apr 30 06:00:43 Debian-Redes sshd[44805]: pam_unix(sshd:auth): authentication failure; logname= uid=0 euid=0 tty=ssh ruser= rhost=61.177.172.104  user=root
Apr 30 06:00:45 Debian-Redes sshd[44805]: Failed password for root from 61.177.172.104 port 21498 ssh2
Apr 30 06:00:48 Debian-Redes sshd[44805]: Failed password for root from 61.177.172.104 port 21498 ssh2
Apr 30 06:00:50 Debian-Redes sshd[44805]: Failed password for root from 61.177.172.104 port 21498 ssh2
Apr 30 06:00:51 Debian-Redes sshd[44805]: Received disconnect from 61.177.172.104 port 21498:11:  [preauth]
Apr 30 06:00:51 Debian-Redes sshd[44805]: Disconnected from authenticating user root 61.177.172.104 port 21498 [preauth]
Apr 30 06:00:51 Debian-Redes sshd[44805]: PAM 2 more authentication failures; logname= uid=0 euid=0 tty=ssh ruser= rhost=61.177.172.104  user=root
Apr 30 06:00:52 Debian-Redes sshd[44807]: pam_unix(sshd:auth): authentication failure; logname= uid=0 euid=0 tty=ssh ruser= rhost=61.177.172.104  user=root
Apr 30 06:00:54 Debian-Redes sshd[44807]: Failed password for root from 61.177.172.104 port 27363 ssh2
Apr 30 06:00:57 Debian-Redes sshd[44807]: Failed password for root from 61.177.172.104 port 27363 ssh2
Apr 30 06:01:01 Debian-Redes sshd[44807]: Failed password for root from 61.177.172.104 port 27363 ssh2
Apr 30 06:01:03 Debian-Redes sshd[44807]: Received disconnect from 61.177.172.104 port 27363:11:  [preauth]
Apr 30 06:01:03 Debian-Redes sshd[44807]: Disconnected from authenticating user root 61.177.172.104 port 27363 [preauth]
Apr 30 06:01:03 Debian-Redes sshd[44807]: PAM 2 more authentication failures; logname= uid=0 euid=0 tty=ssh ruser= rhost=61.177.172.104  user=root
Apr 30 06:01:05 Debian-Redes sshd[44809]: pam_unix(sshd:auth): authentication failure; logname= uid=0 euid=0 tty=ssh ruser= rhost=61.177.172.104  user=root
Apr 30 06:01:07 Debian-Redes sshd[44809]: Failed password for root from 61.177.172.104 port 57062 ssh2
Apr 30 06:01:10 Debian-Redes sshd[44809]: Failed password for root from 61.177.172.104 port 57062 ssh2
Apr 30 06:01:13 Debian-Redes sshd[44809]: Failed password for root from 61.177.172.104 port 57062 ssh2
Apr 30 06:01:16 Debian-Redes sshd[44809]: Received disconnect from 61.177.172.104 port 57062:11:  [preauth]
Apr 30 06:01:16 Debian-Redes sshd[44809]: Disconnected from authenticating user root 61.177.172.104 port 57062 [preauth]
Apr 30 06:01:16 Debian-Redes sshd[44809]: PAM 2 more authentication failures; logname= uid=0 euid=0 tty=ssh ruser= rhost=61.177.172.104  user=root
Apr 30 06:01:17 Debian-Redes sshd[44818]: pam_unix(sshd:auth): authentication failure; logname= uid=0 euid=0 tty=ssh ruser= rhost=61.177.172.104  user=root
Apr 30 06:01:19 Debian-Redes sshd[44818]: Failed password for root from 61.177.172.104 port 31588 ssh2
Apr 30 06:01:22 Debian-Redes sshd[44818]: Failed password for root from 61.177.172.104 port 31588 ssh2
Apr 30 06:01:24 Debian-Redes sshd[44818]: Failed password for root from 61.177.172.104 port 31588 ssh2
Apr 30 06:01:25 Debian-Redes sshd[44818]: Received disconnect from 61.177.172.104 port 31588:11:  [preauth]
Apr 30 06:01:25 Debian-Redes sshd[44818]: Disconnected from authenticating user root 61.177.172.104 port 31588 [preauth]
Apr 30 06:01:25 Debian-Redes sshd[44818]: PAM 2 more authentication failures; logname= uid=0 euid=0 tty=ssh ruser= rhost=61.177.172.104  user=root
Apr 30 06:01:27 Debian-Redes sshd[44820]: pam_unix(sshd:auth): authentication failure; logname= uid=0 euid=0 tty=ssh ruser= rhost=61.177.172.104  user=root
Apr 30 06:01:28 Debian-Redes sshd[44820]: Failed password for root from 61.177.172.104 port 50377 ssh2
Apr 30 06:01:32 Debian-Redes sshd[44820]: Failed password for root from 61.177.172.104 port 50377 ssh2
Apr 30 06:01:34 Debian-Redes sshd[44820]: Failed password for root from 61.177.172.104 port 50377 ssh2
Apr 30 06:01:35 Debian-Redes sshd[44820]: Received disconnect from 61.177.172.104 port 50377:11:  [preauth]
Apr 30 06:01:35 Debian-Redes sshd[44820]: Disconnected from authenticating user root 61.177.172.104 port 50377 [preauth]
Apr 30 06:01:35 Debian-Redes sshd[44820]: PAM 2 more authentication failures; logname= uid=0 euid=0 tty=ssh ruser= rhost=61.177.172.104  user=root
Apr 30 06:03:07 Debian-Redes sshd[44835]: pam_unix(sshd:auth): authentication failure; logname= uid=0 euid=0 tty=ssh ruser= rhost=218.92.0.31  user=root
Apr 30 06:03:09 Debian-Redes sshd[44835]: Failed password for root from 218.92.0.31 port 63707 ssh2
Apr 30 06:03:10 Debian-Redes sshd[44837]: pam_unix(sshd:auth): authentication failure; logname= uid=0 euid=0 tty=ssh ruser= rhost=61.177.173.37  user=root
Apr 30 06:03:12 Debian-Redes sshd[44835]: Failed password for root from 218.92.0.31 port 63707 ssh2
Apr 30 06:03:12 Debian-Redes sshd[44837]: Failed password for root from 61.177.173.37 port 53288 ssh2
Apr 30 06:03:15 Debian-Redes sshd[44835]: Failed password for root from 218.92.0.31 port 63707 ssh2
Apr 30 06:03:15 Debian-Redes sshd[44837]: Failed password for root from 61.177.173.37 port 53288 ssh2
Apr 30 06:03:15 Debian-Redes sshd[44835]: Received disconnect from 218.92.0.31 port 63707:11:  [preauth]
Apr 30 06:03:15 Debian-Redes sshd[44835]: Disconnected from authenticating user root 218.92.0.31 port 63707 [preauth]
Apr 30 06:03:15 Debian-Redes sshd[44835]: PAM 2 more authentication failures; logname= uid=0 euid=0 tty=ssh ruser= rhost=218.92.0.31  user=root
Apr 30 06:03:17 Debian-Redes sshd[44839]: pam_unix(sshd:auth): authentication failure; logname= uid=0 euid=0 tty=ssh ruser= rhost=218.92.0.31  user=root
Apr 30 06:03:18 Debian-Redes sshd[44837]: Failed password for root from 61.177.173.37 port 53288 ssh2
Apr 30 06:03:18 Debian-Redes sshd[44837]: Received disconnect from 61.177.173.37 port 53288:11:  [preauth]
Apr 30 06:03:18 Debian-Redes sshd[44837]: Disconnected from authenticating user root 61.177.173.37 port 53288 [preauth]
Apr 30 06:03:18 Debian-Redes sshd[44837]: PAM 2 more authentication failures; logname= uid=0 euid=0 tty=ssh ruser= rhost=61.177.173.37  user=root
Apr 30 06:03:18 Debian-Redes sshd[44839]: Failed password for root from 218.92.0.31 port 26241 ssh2
Apr 30 06:03:20 Debian-Redes sshd[44841]: pam_unix(sshd:auth): authentication failure; logname= uid=0 euid=0 tty=ssh ruser= rhost=61.177.173.37  user=root
Apr 30 06:03:21 Debian-Redes sshd[44839]: Failed password for root from 218.92.0.31 port 26241 ssh2
Apr 30 06:03:21 Debian-Redes sshd[44841]: Failed password for root from 61.177.173.37 port 61419 ssh2
Apr 30 06:03:24 Debian-Redes sshd[44839]: Failed password for root from 218.92.0.31 port 26241 ssh2
Apr 30 06:03:25 Debian-Redes sshd[44841]: Failed password for root from 61.177.173.37 port 61419 ssh2
Apr 30 06:03:25 Debian-Redes sshd[44839]: Received disconnect from 218.92.0.31 port 26241:11:  [preauth]
Apr 30 06:03:25 Debian-Redes sshd[44839]: Disconnected from authenticating user root 218.92.0.31 port 26241 [preauth]
Apr 30 06:03:25 Debian-Redes sshd[44839]: PAM 2 more authentication failures; logname= uid=0 euid=0 tty=ssh ruser= rhost=218.92.0.31  user=root
Apr 30 06:03:26 Debian-Redes sshd[44843]: pam_unix(sshd:auth): authentication failure; logname= uid=0 euid=0 tty=ssh ruser= rhost=218.92.0.31  user=root
Apr 30 06:03:28 Debian-Redes sshd[44841]: Failed password for root from 61.177.173.37 port 61419 ssh2
Apr 30 06:03:28 Debian-Redes sshd[44841]: Received disconnect from 61.177.173.37 port 61419:11:  [preauth]
Apr 30 06:03:28 Debian-Redes sshd[44841]: Disconnected from authenticating user root 61.177.173.37 port 61419 [preauth]
Apr 30 06:03:28 Debian-Redes sshd[44841]: PAM 2 more authentication failures; logname= uid=0 euid=0 tty=ssh ruser= rhost=61.177.173.37  user=root
Apr 30 06:03:28 Debian-Redes sshd[44843]: Failed password for root from 218.92.0.31 port 43620 ssh2
Apr 30 06:03:29 Debian-Redes sshd[44845]: pam_unix(sshd:auth): authentication failure; logname= uid=0 euid=0 tty=ssh ruser= rhost=61.177.173.37  user=root
Apr 30 06:03:31 Debian-Redes sshd[44843]: Failed password for root from 218.92.0.31 port 43620 ssh2
Apr 30 06:03:31 Debian-Redes sshd[44845]: Failed password for root from 61.177.173.37 port 29779 ssh2
Apr 30 06:03:33 Debian-Redes sshd[44843]: Failed password for root from 218.92.0.31 port 43620 ssh2
Apr 30 06:03:34 Debian-Redes sshd[44845]: Failed password for root from 61.177.173.37 port 29779 ssh2
Apr 30 06:03:35 Debian-Redes sshd[44843]: Received disconnect from 218.92.0.31 port 43620:11:  [preauth]
Apr 30 06:03:35 Debian-Redes sshd[44843]: Disconnected from authenticating user root 218.92.0.31 port 43620 [preauth]
Apr 30 06:03:35 Debian-Redes sshd[44843]: PAM 2 more authentication failures; logname= uid=0 euid=0 tty=ssh ruser= rhost=218.92.0.31  user=root
Apr 30 06:03:35 Debian-Redes sshd[44847]: pam_unix(sshd:auth): authentication failure; logname= uid=0 euid=0 tty=ssh ruser= rhost=218.92.0.98  user=root
Apr 30 06:03:36 Debian-Redes sshd[44849]: pam_unix(sshd:auth): authentication failure; logname= uid=0 euid=0 tty=ssh ruser= rhost=218.92.0.31  user=root
Apr 30 06:03:37 Debian-Redes sshd[44845]: Failed password for root from 61.177.173.37 port 29779 ssh2
Apr 30 06:03:37 Debian-Redes sshd[44847]: Failed password for root from 218.92.0.98 port 28740 ssh2
Apr 30 06:03:38 Debian-Redes sshd[44849]: Failed password for root from 218.92.0.31 port 62433 ssh2
Apr 30 06:03:38 Debian-Redes sshd[44845]: Received disconnect from 61.177.173.37 port 29779:11:  [preauth]
Apr 30 06:03:38 Debian-Redes sshd[44845]: Disconnected from authenticating user root 61.177.173.37 port 29779 [preauth]
Apr 30 06:03:38 Debian-Redes sshd[44845]: PAM 2 more authentication failures; logname= uid=0 euid=0 tty=ssh ruser= rhost=61.177.173.37  user=root
Apr 30 06:03:39 Debian-Redes sshd[44851]: pam_unix(sshd:auth): authentication failure; logname= uid=0 euid=0 tty=ssh ruser= rhost=61.177.173.37  user=root
Apr 30 06:03:40 Debian-Redes sshd[44847]: Failed password for root from 218.92.0.98 port 28740 ssh2
Apr 30 06:03:40 Debian-Redes sshd[44849]: Failed password for root from 218.92.0.31 port 62433 ssh2
Apr 30 06:03:41 Debian-Redes sshd[44851]: Failed password for root from 61.177.173.37 port 58072 ssh2
Apr 30 06:03:43 Debian-Redes sshd[44847]: Failed password for root from 218.92.0.98 port 28740 ssh2
Apr 30 06:03:43 Debian-Redes sshd[44849]: Failed password for root from 218.92.0.31 port 62433 ssh2
Apr 30 06:03:43 Debian-Redes sshd[44851]: Failed password for root from 61.177.173.37 port 58072 ssh2
Apr 30 06:03:44 Debian-Redes sshd[44847]: Received disconnect from 218.92.0.98 port 28740:11:  [preauth]
Apr 30 06:03:44 Debian-Redes sshd[44847]: Disconnected from authenticating user root 218.92.0.98 port 28740 [preauth]
Apr 30 06:03:44 Debian-Redes sshd[44847]: PAM 2 more authentication failures; logname= uid=0 euid=0 tty=ssh ruser= rhost=218.92.0.98  user=root
Apr 30 06:03:44 Debian-Redes sshd[44849]: Received disconnect from 218.92.0.31 port 62433:11:  [preauth]
Apr 30 06:03:44 Debian-Redes sshd[44849]: Disconnected from authenticating user root 218.92.0.31 port 62433 [preauth]
Apr 30 06:03:44 Debian-Redes sshd[44849]: PAM 2 more authentication failures; logname= uid=0 euid=0 tty=ssh ruser= rhost=218.92.0.31  user=root
Apr 30 06:03:45 Debian-Redes sshd[44853]: pam_unix(sshd:auth): authentication failure; logname= uid=0 euid=0 tty=ssh ruser= rhost=218.92.0.98  user=root
Apr 30 06:03:47 Debian-Redes sshd[44851]: Failed password for root from 61.177.173.37 port 58072 ssh2
Apr 30 06:03:47 Debian-Redes sshd[44853]: Failed password for root from 218.92.0.98 port 37171 ssh2
Apr 30 06:03:48 Debian-Redes sshd[44851]: Received disconnect from 61.177.173.37 port 58072:11:  [preauth]
Apr 30 06:03:48 Debian-Redes sshd[44851]: Disconnected from authenticating user root 61.177.173.37 port 58072 [preauth]
Apr 30 06:03:48 Debian-Redes sshd[44851]: PAM 2 more authentication failures; logname= uid=0 euid=0 tty=ssh ruser= rhost=61.177.173.37  user=root
Apr 30 06:03:50 Debian-Redes sshd[44853]: Failed password for root from 218.92.0.98 port 37171 ssh2
Apr 30 06:03:52 Debian-Redes sshd[44853]: Failed password for root from 218.92.0.98 port 37171 ssh2
Apr 30 06:03:53 Debian-Redes sshd[44853]: Received disconnect from 218.92.0.98 port 37171:11:  [preauth]
Apr 30 06:03:53 Debian-Redes sshd[44853]: Disconnected from authenticating user root 218.92.0.98 port 37171 [preauth]
Apr 30 06:03:53 Debian-Redes sshd[44853]: PAM 2 more authentication failures; logname= uid=0 euid=0 tty=ssh ruser= rhost=218.92.0.98  user=root
Apr 30 06:03:54 Debian-Redes sshd[44855]: pam_unix(sshd:auth): authentication failure; logname= uid=0 euid=0 tty=ssh ruser= rhost=218.92.0.98  user=root
Apr 30 06:03:56 Debian-Redes sshd[44855]: Failed password for root from 218.92.0.98 port 53384 ssh2
Apr 30 06:04:00 Debian-Redes sshd[44855]: Failed password for root from 218.92.0.98 port 53384 ssh2
Apr 30 06:04:02 Debian-Redes sshd[44855]: Failed password for root from 218.92.0.98 port 53384 ssh2
Apr 30 06:04:03 Debian-Redes sshd[44855]: Received disconnect from 218.92.0.98 port 53384:11:  [preauth]
Apr 30 06:04:03 Debian-Redes sshd[44855]: Disconnected from authenticating user root 218.92.0.98 port 53384 [preauth]
Apr 30 06:04:03 Debian-Redes sshd[44855]: PAM 2 more authentication failures; logname= uid=0 euid=0 tty=ssh ruser= rhost=218.92.0.98  user=root
Apr 30 06:06:43 Debian-Redes sshd[44876]: pam_unix(sshd:auth): authentication failure; logname= uid=0 euid=0 tty=ssh ruser= rhost=218.92.0.95  user=root
Apr 30 06:06:45 Debian-Redes sshd[44876]: Failed password for root from 218.92.0.95 port 21074 ssh2
Apr 30 06:06:49 Debian-Redes sshd[44876]: Failed password for root from 218.92.0.95 port 21074 ssh2
Apr 30 06:06:51 Debian-Redes sshd[44876]: Failed password for root from 218.92.0.95 port 21074 ssh2
Apr 30 06:06:52 Debian-Redes sshd[44876]: Received disconnect from 218.92.0.95 port 21074:11:  [preauth]
Apr 30 06:06:52 Debian-Redes sshd[44876]: Disconnected from authenticating user root 218.92.0.95 port 21074 [preauth]
Apr 30 06:06:52 Debian-Redes sshd[44876]: PAM 2 more authentication failures; logname= uid=0 euid=0 tty=ssh ruser= rhost=218.92.0.95  user=root
Apr 30 06:06:53 Debian-Redes sshd[44878]: pam_unix(sshd:auth): authentication failure; logname= uid=0 euid=0 tty=ssh ruser= rhost=218.92.0.95  user=root
Apr 30 06:06:55 Debian-Redes sshd[44878]: Failed password for root from 218.92.0.95 port 49891 ssh2
Apr 30 06:06:58 Debian-Redes sshd[44878]: Failed password for root from 218.92.0.95 port 49891 ssh2
Apr 30 06:06:59 Debian-Redes sshd[44880]: Invalid user telnet from 175.207.226.153 port 60485
Apr 30 06:06:59 Debian-Redes sshd[44880]: pam_unix(sshd:auth): check pass; user unknown
Apr 30 06:06:59 Debian-Redes sshd[44880]: pam_unix(sshd:auth): authentication failure; logname= uid=0 euid=0 tty=ssh ruser= rhost=175.207.226.153 
Apr 30 06:07:00 Debian-Redes sshd[44878]: Failed password for root from 218.92.0.95 port 49891 ssh2
Apr 30 06:07:00 Debian-Redes sshd[44880]: Failed password for invalid user telnet from 175.207.226.153 port 60485 ssh2
Apr 30 06:07:01 Debian-Redes sshd[44878]: Received disconnect from 218.92.0.95 port 49891:11:  [preauth]
Apr 30 06:07:01 Debian-Redes sshd[44878]: Disconnected from authenticating user root 218.92.0.95 port 49891 [preauth]
Apr 30 06:07:01 Debian-Redes sshd[44878]: PAM 2 more authentication failures; logname= uid=0 euid=0 tty=ssh ruser= rhost=218.92.0.95  user=root
Apr 30 06:07:02 Debian-Redes sshd[44880]: pam_unix(sshd:auth): check pass; user unknown
Apr 30 06:07:04 Debian-Redes sshd[44880]: Failed password for invalid user telnet from 175.207.226.153 port 60485 ssh2
Apr 30 06:07:07 Debian-Redes sshd[44880]: Failed password for invalid user telnet from 175.207.226.153 port 60485 ssh2
Apr 30 06:07:07 Debian-Redes sshd[44880]: Connection closed by invalid user telnet 175.207.226.153 port 60485 [preauth]
Apr 30 06:07:07 Debian-Redes sshd[44880]: PAM 1 more authentication failure; logname= uid=0 euid=0 tty=ssh ruser= rhost=175.207.226.153 
